Archive member included to satisfy reference by file (symbol)

/Applications/ArmGNUToolchain/13.3.rel1/arm-none-eabi/bin/../lib/gcc/arm-none-eabi/13.3.1/../../../../arm-none-eabi/lib/thumb/v7e-m+fp/softfp/libc_nano.a(libc_a-exit.o)
                              /Applications/ArmGNUToolchain/13.3.rel1/arm-none-eabi/bin/../lib/gcc/arm-none-eabi/13.3.1/../../../../arm-none-eabi/lib/thumb/v7e-m+fp/softfp/crt0.o (exit)
/Applications/ArmGNUToolchain/13.3.rel1/arm-none-eabi/bin/../lib/gcc/arm-none-eabi/13.3.1/../../../../arm-none-eabi/lib/thumb/v7e-m+fp/softfp/libc_nano.a(libc_a-findfp.o)
                              /Applications/ArmGNUToolchain/13.3.rel1/arm-none-eabi/bin/../lib/gcc/arm-none-eabi/13.3.1/../../../../arm-none-eabi/lib/thumb/v7e-m+fp/softfp/libc_nano.a(libc_a-exit.o) (__stdio_exit_handler)
/Applications/ArmGNUToolchain/13.3.rel1/arm-none-eabi/bin/../lib/gcc/arm-none-eabi/13.3.1/../../../../arm-none-eabi/lib/thumb/v7e-m+fp/softfp/libc_nano.a(libc_a-fwalk.o)
                              /Applications/ArmGNUToolchain/13.3.rel1/arm-none-eabi/bin/../lib/gcc/arm-none-eabi/13.3.1/../../../../arm-none-eabi/lib/thumb/v7e-m+fp/softfp/libc_nano.a(libc_a-findfp.o) (_fwalk_sglue)
/Applications/ArmGNUToolchain/13.3.rel1/arm-none-eabi/bin/../lib/gcc/arm-none-eabi/13.3.1/../../../../arm-none-eabi/lib/thumb/v7e-m+fp/softfp/libc_nano.a(libc_a-memset.o)
                              /Applications/ArmGNUToolchain/13.3.rel1/arm-none-eabi/bin/../lib/gcc/arm-none-eabi/13.3.1/../../../../arm-none-eabi/lib/thumb/v7e-m+fp/softfp/crt0.o (memset)
/Applications/ArmGNUToolchain/13.3.rel1/arm-none-eabi/bin/../lib/gcc/arm-none-eabi/13.3.1/../../../../arm-none-eabi/lib/thumb/v7e-m+fp/softfp/libc_nano.a(libc_a-init.o)
                              /Applications/ArmGNUToolchain/13.3.rel1/arm-none-eabi/bin/../lib/gcc/arm-none-eabi/13.3.1/../../../../arm-none-eabi/lib/thumb/v7e-m+fp/softfp/crt0.o (__libc_init_array)
/Applications/ArmGNUToolchain/13.3.rel1/arm-none-eabi/bin/../lib/gcc/arm-none-eabi/13.3.1/../../../../arm-none-eabi/lib/thumb/v7e-m+fp/softfp/libc_nano.a(libc_a-lock.o)
                              /Applications/ArmGNUToolchain/13.3.rel1/arm-none-eabi/bin/../lib/gcc/arm-none-eabi/13.3.1/../../../../arm-none-eabi/lib/thumb/v7e-m+fp/softfp/libc_nano.a(libc_a-findfp.o) (__retarget_lock_init_recursive)
/Applications/ArmGNUToolchain/13.3.rel1/arm-none-eabi/bin/../lib/gcc/arm-none-eabi/13.3.1/../../../../arm-none-eabi/lib/thumb/v7e-m+fp/softfp/libc_nano.a(libc_a-impure.o)
                              /Applications/ArmGNUToolchain/13.3.rel1/arm-none-eabi/bin/../lib/gcc/arm-none-eabi/13.3.1/../../../../arm-none-eabi/lib/thumb/v7e-m+fp/softfp/libc_nano.a(libc_a-findfp.o) (_impure_data)
/Applications/ArmGNUToolchain/13.3.rel1/arm-none-eabi/bin/../lib/gcc/arm-none-eabi/13.3.1/../../../../arm-none-eabi/lib/thumb/v7e-m+fp/softfp/libc_nano.a(libc_a-mallocr.o)
                              /Applications/ArmGNUToolchain/13.3.rel1/arm-none-eabi/bin/../lib/gcc/arm-none-eabi/13.3.1/../../../../arm-none-eabi/lib/thumb/v7e-m+fp/softfp/libc_nano.a(libc_a-findfp.o) (_malloc_r)
/Applications/ArmGNUToolchain/13.3.rel1/arm-none-eabi/bin/../lib/gcc/arm-none-eabi/13.3.1/../../../../arm-none-eabi/lib/thumb/v7e-m+fp/softfp/libc_nano.a(libc_a-fflush.o)
                              /Applications/ArmGNUToolchain/13.3.rel1/arm-none-eabi/bin/../lib/gcc/arm-none-eabi/13.3.1/../../../../arm-none-eabi/lib/thumb/v7e-m+fp/softfp/libc_nano.a(libc_a-findfp.o) (_fflush_r)
/Applications/ArmGNUToolchain/13.3.rel1/arm-none-eabi/bin/../lib/gcc/arm-none-eabi/13.3.1/../../../../arm-none-eabi/lib/thumb/v7e-m+fp/softfp/libc_nano.a(libc_a-mlock.o)
                              /Applications/ArmGNUToolchain/13.3.rel1/arm-none-eabi/bin/../lib/gcc/arm-none-eabi/13.3.1/../../../../arm-none-eabi/lib/thumb/v7e-m+fp/softfp/libc_nano.a(libc_a-mallocr.o) (__malloc_lock)
/Applications/ArmGNUToolchain/13.3.rel1/arm-none-eabi/bin/../lib/gcc/arm-none-eabi/13.3.1/../../../../arm-none-eabi/lib/thumb/v7e-m+fp/softfp/libc_nano.a(libc_a-stdio.o)
                              /Applications/ArmGNUToolchain/13.3.rel1/arm-none-eabi/bin/../lib/gcc/arm-none-eabi/13.3.1/../../../../arm-none-eabi/lib/thumb/v7e-m+fp/softfp/libc_nano.a(libc_a-findfp.o) (__sread)
/Applications/ArmGNUToolchain/13.3.rel1/arm-none-eabi/bin/../lib/gcc/arm-none-eabi/13.3.1/../../../../arm-none-eabi/lib/thumb/v7e-m+fp/softfp/libc_nano.a(libc_a-lseekr.o)
                              /Applications/ArmGNUToolchain/13.3.rel1/arm-none-eabi/bin/../lib/gcc/arm-none-eabi/13.3.1/../../../../arm-none-eabi/lib/thumb/v7e-m+fp/softfp/libc_nano.a(libc_a-stdio.o) (_lseek_r)
/Applications/ArmGNUToolchain/13.3.rel1/arm-none-eabi/bin/../lib/gcc/arm-none-eabi/13.3.1/../../../../arm-none-eabi/lib/thumb/v7e-m+fp/softfp/libc_nano.a(libc_a-readr.o)
[...]
Memory Configuration

Name             Origin             Length             Attributes
RAM              0x20000000         0x00020000         xrw
FLASH            0x08000000         0x00080000         xr
*default*        0x00000000         0xffffffff

Linker script and memory map

LOAD /Applications/ArmGNUToolchain/13.3.rel1/arm-none-eabi/bin/../lib/gcc/arm-none-eabi/13.3.1/thumb/v7e-m+fp/softfp/crti.o
LOAD /Applications/ArmGNUToolchain/13.3.rel1/arm-none-eabi/bin/../lib/gcc/arm-none-eabi/13.3.1/thumb/v7e-m+fp/softfp/crtbegin.o
LOAD /Applications/ArmGNUToolchain/13.3.rel1/arm-none-eabi/bin/../lib/gcc/arm-none-eabi/13.3.1/../../../../arm-none-eabi/lib/thumb/v7e-m+fp/softfp/crt0.o
START GROUP
LOAD /Applications/ArmGNUToolchain/13.3.rel1/arm-none-eabi/bin/../lib/gcc/arm-none-eabi/13.3.1/../../../../arm-none-eabi/lib/thumb/v7e-m+fp/softfp/libc_nano.a
LOAD /Applications/ArmGNUToolchain/13.3.rel1/arm-none-eabi/bin/../lib/gcc/arm-none-eabi/13.3.1/../../../../arm-none-eabi/lib/thumb/v7e-m+fp/softfp/libm.a
LOAD /Applications/ArmGNUToolchain/13.3.rel1/arm-none-eabi/bin/../lib/gcc/arm-none-eabi/13.3.1/../../../../arm-none-eabi/lib/thumb/v7e-m+fp/softfp/libstdc++_nano.a
END GROUP
LOAD CMakeFiles/Main.dir/Users/naichenzhao/Desktop/BML/MRIRobotProject/MRIRobot/Firmware/DMA_test/STM_sdk/Core/Src/stm32_startup.c.obj
LOAD CMakeFiles/Main.dir/Users/naichenzhao/Desktop/BML/MRIRobotProject/MRIRobot/Firmware/DMA_test/STM_sdk/Core/Src/stm32f4xx_hal_msp.c.obj
LOAD CMakeFiles/Main.dir/Users/naichenzhao/Desktop/BML/MRIRobotProject/MRIRobot/Firmware/DMA_test/STM_sdk/Core/Src/stm32f4xx_it.c.obj
LOAD CMakeFiles/Main.dir/Users/naichenzhao/Desktop/BML/MRIRobotProject/MRIRobot/Firmware/DMA_test/STM_sdk/Core/Src/syscalls.c.obj
LOAD CMakeFiles/Main.dir/Users/naichenzhao/Desktop/BML/MRIRobotProject/MRIRobot/Firmware/DMA_test/STM_sdk/Core/Src/sysmem.c.obj
LOAD CMakeFiles/Main.dir/Users/naichenzhao/Desktop/BML/MRIRobotProject/MRIRobot/Firmware/DMA_test/STM_sdk/Core/Src/system_stm32f4xx.c.obj
LOAD CMakeFiles/Main.dir/Users/naichenzhao/Desktop/BML/MRIRobotProject/MRIRobot/Firmware/DMA_test/STM_sdk/Drivers/STM32F4xx_HAL_Driver/Src/stm32f4xx_hal.c.obj
LOAD CMakeFiles/Main.dir/Users/naichenzhao/Desktop/BML/MRIRobotProject/MRIRobot/Firmware/DMA_test/STM_sdk/Drivers/STM32F4xx_HAL_Driver/Src/stm32f4xx_hal_adc.c.obj
LOAD CMakeFiles/Main.dir/Users/naichenzhao/Desktop/BML/MRIRobotProject/MRIRobot/Firmware/DMA_test/STM_sdk/Drivers/STM32F4xx_HAL_Driver/Src/stm32f4xx_hal_adc_ex.c.obj
LOAD CMakeFiles/Main.dir/Users/naichenzhao/Desktop/BML/MRIRobotProject/MRIRobot/Firmware/DMA_test/STM_sdk/Drivers/STM32F4xx_HAL_Driver/Src/stm32f4xx_hal_can.c.obj
LOAD CMakeFiles/Main.dir/Users/naichenzhao/Desktop/BML/MRIRobotProject/MRIRobot/Firmware/DMA_test/STM_sdk/Drivers/STM32F4xx_HAL_Driver/Src/stm32f4xx_hal_cec.c.obj
LOAD CMakeFiles/Main.dir/Users/naichenzhao/Desktop/BML/MRIRobotProject/MRIRobot/Firmware/DMA_test/STM_sdk/Drivers/STM32F4xx_HAL_Driver/Src/stm32f4xx_hal_cortex.c.obj
LOAD CMakeFiles/Main.dir/Users/naichenzhao/Desktop/BML/MRIRobotProject/MRIRobot/Firmware/DMA_test/STM_sdk/Drivers/STM32F4xx_HAL_Driver/Src/stm32f4xx_hal_crc.c.obj
LOAD CMakeFiles/Main.dir/Users/naichenzhao/Desktop/BML/MRIRobotProject/MRIRobot/Firmware/DMA_test/STM_sdk/Drivers/STM32F4xx_HAL_Driver/Src/stm32f4xx_hal_cryp.c.obj
LOAD CMakeFiles/Main.dir/Users/naichenzhao/Desktop/BML/MRIRobotProject/MRIRobot/Firmware/DMA_test/STM_sdk/Drivers/STM32F4xx_HAL_Driver/Src/stm32f4xx_hal_cryp_ex.c.obj
LOAD CMakeFiles/Main.dir/Users/naichenzhao/Desktop/BML/MRIRobotProject/MRIRobot/Firmware/DMA_test/STM_sdk/Drivers/STM32F4xx_HAL_Driver/Src/stm32f4xx_hal_dac.c.obj
LOAD CMakeFiles/Main.dir/Users/naichenzhao/Desktop/BML/MRIRobotProject/MRIRobot/Firmware/DMA_test/STM_sdk/Drivers/STM32F4xx_HAL_Driver/Src/stm32f4xx_hal_dac_ex.c.obj
LOAD CMakeFiles/Main.dir/Users/naichenzhao/Desktop/BML/MRIRobotProject/MRIRobot/Firmware/DMA_test/STM_sdk/Drivers/STM32F4xx_HAL_Driver/Src/stm32f4xx_hal_dcmi.c.obj
LOAD CMakeFiles/Main.dir/Users/naichenzhao/Desktop/BML/MRIRobotProject/MRIRobot/Firmware/DMA_test/STM_sdk/Drivers/STM32F4xx_HAL_Driver/Src/stm32f4xx_hal_dcmi_ex.c.obj
LOAD CMakeFiles/Main.dir/Users/naichenzhao/Desktop/BML/MRIRobotProject/MRIRobot/Firmware/DMA_test/STM_sdk/Drivers/STM32F4xx_HAL_Driver/Src/stm32f4xx_hal_dfsdm.c.obj
LOAD CMakeFiles/Main.dir/Users/naichenzhao/Desktop/BML/MRIRobotProject/MRIRobot/Firmware/DMA_test/STM_sdk/Drivers/STM32F4xx_HAL_Driver/Src/stm32f4xx_hal_dma.c.obj
LOAD CMakeFiles/Main.dir/Users/naichenzhao/Desktop/BML/MRIRobotProject/MRIRobot/Firmware/DMA_test/STM_sdk/Drivers/STM32F4xx_HAL_Driver/Src/stm32f4xx_hal_dma2d.c.obj
LOAD CMakeFiles/Main.dir/Users/naichenzhao/Desktop/BML/MRIRobotProject/MRIRobot/Firmware/DMA_test/STM_sdk/Drivers/STM32F4xx_HAL_Driver/Src/stm32f4xx_hal_dma_ex.c.obj
LOAD CMakeFiles/Main.dir/Users/naichenzhao/Desktop/BML/MRIRobotProject/MRIRobot/Firmware/DMA_test/STM_sdk/Drivers/STM32F4xx_HAL_Driver/Src/stm32f4xx_hal_dsi.c.obj
LOAD CMakeFiles/Main.dir/Users/naichenzhao/Desktop/BML/MRIRobotProject/MRIRobot/Firmware/DMA_test/STM_sdk/Drivers/STM32F4xx_HAL_Driver/Src/stm32f4xx_hal_eth.c.obj
LOAD CMakeFiles/Main.dir/Users/naichenzhao/Desktop/BML/MRIRobotProject/MRIRobot/Firmware/DMA_test/STM_sdk/Drivers/STM32F4xx_HAL_Driver/Src/stm32f4xx_hal_exti.c.obj
LOAD CMakeFiles/Main.dir/Users/naichenzhao/Desktop/BML/MRIRobotProject/MRIRobot/Firmware/DMA_test/STM_sdk/Drivers/STM32F4xx_HAL_Driver/Src/stm32f4xx_hal_flash.c.obj
LOAD CMakeFiles/Main.dir/Users/naichenzhao/Desktop/BML/MRIRobotProject/MRIRobot/Firmware/DMA_test/STM_sdk/Drivers/STM32F4xx_HAL_Driver/Src/stm32f4xx_hal_flash_ex.c.obj
LOAD CMakeFiles/Main.dir/Users/naichenzhao/Desktop/BML/MRIRobotProject/MRIRobot/Firmware/DMA_test/STM_sdk/Drivers/STM32F4xx_HAL_Driver/Src/stm32f4xx_hal_flash_ramfunc.c.obj
LOAD CMakeFiles/Main.dir/Users/naichenzhao/Desktop/BML/MRIRobotProject/MRIRobot/Firmware/DMA_test/STM_sdk/Drivers/STM32F4xx_HAL_Driver/Src/stm32f4xx_hal_fmpi2c.c.obj
LOAD CMakeFiles/Main.dir/Users/naichenzhao/Desktop/BML/MRIRobotProject/MRIRobot/Firmware/DMA_test/STM_sdk/Drivers/STM32F4xx_HAL_Driver/Src/stm32f4xx_hal_fmpi2c_ex.c.obj
LOAD CMakeFiles/Main.dir/Users/naichenzhao/Desktop/BML/MRIRobotProject/MRIRobot/Firmware/DMA_test/STM_sdk/Drivers/STM32F4xx_HAL_Driver/Src/stm32f4xx_hal_fmpsmbus.c.obj
LOAD CMakeFiles/Main.dir/Users/naichenzhao/Desktop/BML/MRIRobotProject/MRIRobot/Firmware/DMA_test/STM_sdk/Drivers/STM32F4xx_HAL_Driver/Src/stm32f4xx_hal_fmpsmbus_ex.c.obj
LOAD CMakeFiles/Main.dir/Users/naichenzhao/Desktop/BML/MRIRobotProject/MRIRobot/Firmware/DMA_test/STM_sdk/Drivers/STM32F4xx_HAL_Driver/Src/stm32f4xx_hal_gpio.c.obj
LOAD CMakeFiles/Main.dir/Users/naichenzhao/Desktop/BML/MRIRobotProject/MRIRobot/Firmware/DMA_test/STM_sdk/Drivers/STM32F4xx_HAL_Driver/Src/stm32f4xx_hal_hash.c.obj
LOAD CMakeFiles/Main.dir/Users/naichenzhao/Desktop/BML/MRIRobotProject/MRIRobot/Firmware/DMA_test/STM_sdk/Drivers/STM32F4xx_HAL_Driver/Src/stm32f4xx_hal_hash_ex.c.obj
LOAD CMakeFiles/Main.dir/Users/naichenzhao/Desktop/BML/MRIRobotProject/MRIRobot/Firmware/DMA_test/STM_sdk/Drivers/STM32F4xx_HAL_Driver/Src/stm32f4xx_hal_hcd.c.obj
LOAD CMakeFiles/Main.dir/Users/naichenzhao/Desktop/BML/MRIRobotProject/MRIRobot/Firmware/DMA_test/STM_sdk/Drivers/STM32F4xx_HAL_Driver/Src/stm32f4xx_hal_i2c.c.obj
LOAD CMakeFiles/Main.dir/Users/naichenzhao/Desktop/BML/MRIRobotProject/MRIRobot/Firmware/DMA_test/STM_sdk/Drivers/STM32F4xx_HAL_Driver/Src/stm32f4xx_hal_i2c_ex.c.obj
LOAD CMakeFiles/Main.dir/Users/naichenzhao/Desktop/BML/MRIRobotProject/MRIRobot/Firmware/DMA_test/STM_sdk/Drivers/STM32F4xx_HAL_Driver/Src/stm32f4xx_hal_i2s.c.obj
LOAD CMakeFiles/Main.dir/Users/naichenzhao/Desktop/BML/MRIRobotProject/MRIRobot/Firmware/DMA_test/STM_sdk/Drivers/STM32F4xx_HAL_Driver/Src/stm32f4xx_hal_i2s_ex.c.obj
LOAD CMakeFiles/Main.dir/Users/naichenzhao/Desktop/BML/MRIRobotProject/MRIRobot/Firmware/DMA_test/STM_sdk/Drivers/STM32F4xx_HAL_Driver/Src/stm32f4xx_hal_irda.c.obj
LOAD CMakeFiles/Main.dir/Users/naichenzhao/Desktop/BML/MRIRobotProject/MRIRobot/Firmware/DMA_test/STM_sdk/Drivers/STM32F4xx_HAL_Driver/Src/stm32f4xx_hal_iwdg.c.obj
LOAD CMakeFiles/Main.dir/Users/naichenzhao/Desktop/BML/MRIRobotProject/MRIRobot/Firmware/DMA_test/STM_sdk/Drivers/STM32F4xx_HAL_Driver/Src/stm32f4xx_hal_lptim.c.obj
LOAD CMakeFiles/Main.dir/Users/naichenzhao/Desktop/BML/MRIRobotProject/MRIRobot/Firmware/DMA_test/STM_sdk/Drivers/STM32F4xx_HAL_Driver/Src/stm32f4xx_hal_ltdc.c.obj
LOAD CMakeFiles/Main.dir/Users/naichenzhao/Desktop/BML/MRIRobotProject/MRIRobot/Firmware/DMA_test/STM_sdk/Drivers/STM32F4xx_HAL_Driver/Src/stm32f4xx_hal_ltdc_ex.c.obj
LOAD CMakeFiles/Main.dir/Users/naichenzhao/Desktop/BML/MRIRobotProject/MRIRobot/Firmware/DMA_test/STM_sdk/Drivers/STM32F4xx_HAL_Driver/Src/stm32f4xx_hal_mmc.c.obj
LOAD CMakeFiles/Main.dir/Users/naichenzhao/Desktop/BML/MRIRobotProject/MRIRobot/Firmware/DMA_test/STM_sdk/Drivers/STM32F4xx_HAL_Driver/Src/stm32f4xx_hal_msp_template.c.obj
LOAD CMakeFiles/Main.dir/Users/naichenzhao/Desktop/BML/MRIRobotProject/MRIRobot/Firmware/DMA_test/STM_sdk/Drivers/STM32F4xx_HAL_Driver/Src/stm32f4xx_hal_nand.c.obj
LOAD CMakeFiles/Main.dir/Users/naichenzhao/Desktop/BML/MRIRobotProject/MRIRobot/Firmware/DMA_test/STM_sdk/Drivers/STM32F4xx_HAL_Driver/Src/stm32f4xx_hal_nor.c.obj
LOAD CMakeFiles/Main.dir/Users/naichenzhao/Desktop/BML/MRIRobotProject/MRIRobot/Firmware/DMA_test/STM_sdk/Drivers/STM32F4xx_HAL_Driver/Src/stm32f4xx_hal_pccard.c.obj
LOAD CMakeFiles/Main.dir/Users/naichenzhao/Desktop/BML/MRIRobotProject/MRIRobot/Firmware/DMA_test/STM_sdk/Drivers/STM32F4xx_HAL_Driver/Src/stm32f4xx_hal_pcd.c.obj
LOAD CMakeFiles/Main.dir/Users/naichenzhao/Desktop/BML/MRIRobotProject/MRIRobot/Firmware/DMA_test/STM_sdk/Drivers/STM32F4xx_HAL_Driver/Src/stm32f4xx_hal_pcd_ex.c.obj
LOAD CMakeFiles/Main.dir/Users/naichenzhao/Desktop/BML/MRIRobotProject/MRIRobot/Firmware/DMA_test/STM_sdk/Drivers/STM32F4xx_HAL_Driver/Src/stm32f4xx_hal_pwr.c.obj
LOAD CMakeFiles/Main.dir/Users/naichenzhao/Desktop/BML/MRIRobotProject/MRIRobot/Firmware/DMA_test/STM_sdk/Drivers/STM32F4xx_HAL_Driver/Src/stm32f4xx_hal_pwr_ex.c.obj
LOAD CMakeFiles/Main.dir/Users/naichenzhao/Desktop/BML/MRIRobotProject/MRIRobot/Firmware/DMA_test/STM_sdk/Drivers/STM32F4xx_HAL_Driver/Src/stm32f4xx_hal_qspi.c.obj
LOAD CMakeFiles/Main.dir/Users/naichenzhao/Desktop/BML/MRIRobotProject/MRIRobot/Firmware/DMA_test/STM_sdk/Drivers/STM32F4xx_HAL_Driver/Src/stm32f4xx_hal_rcc.c.obj
LOAD CMakeFiles/Main.dir/Users/naichenzhao/Desktop/BML/MRIRobotProject/MRIRobot/Firmware/DMA_test/STM_sdk/Drivers/STM32F4xx_HAL_Driver/Src/stm32f4xx_hal_rcc_ex.c.obj
LOAD CMakeFiles/Main.dir/Users/naichenzhao/Desktop/BML/MRIRobotProject/MRIRobot/Firmware/DMA_test/STM_sdk/Drivers/STM32F4xx_HAL_Driver/Src/stm32f4xx_hal_rng.c.obj
LOAD CMakeFiles/Main.dir/Users/naichenzhao/Desktop/BML/MRIRobotProject/MRIRobot/Firmware/DMA_test/STM_sdk/Drivers/STM32F4xx_HAL_Driver/Src/stm32f4xx_hal_rtc.c.obj
LOAD CMakeFiles/Main.dir/Users/naichenzhao/Desktop/BML/MRIRobotProject/MRIRobot/Firmware/DMA_test/STM_sdk/Drivers/STM32F4xx_HAL_Driver/Src/stm32f4xx_hal_rtc_ex.c.obj
LOAD CMakeFiles/Main.dir/Users/naichenzhao/Desktop/BML/MRIRobotProject/MRIRobot/Firmware/DMA_test/STM_sdk/Drivers/STM32F4xx_HAL_Driver/Src/stm32f4xx_hal_sai.c.obj
LOAD CMakeFiles/Main.dir/Users/naichenzhao/Desktop/BML/MRIRobotProject/MRIRobot/Firmware/DMA_test/STM_sdk/Drivers/STM32F4xx_HAL_Driver/Src/stm32f4xx_hal_sai_ex.c.obj
LOAD CMakeFiles/Main.dir/Users/naichenzhao/Desktop/BML/MRIRobotProject/MRIRobot/Firmware/DMA_test/STM_sdk/Drivers/STM32F4xx_HAL_Driver/Src/stm32f4xx_hal_sd.c.obj
LOAD CMakeFiles/Main.dir/Users/naichenzhao/Desktop/BML/MRIRobotProject/MRIRobot/Firmware/DMA_test/STM_sdk/Drivers/STM32F4xx_HAL_Driver/Src/stm32f4xx_hal_sdram.c.obj
LOAD CMakeFiles/Main.dir/Users/naichenzhao/Desktop/BML/MRIRobotProject/MRIRobot/Firmware/DMA_test/STM_sdk/Drivers/STM32F4xx_HAL_Driver/Src/stm32f4xx_hal_smartcard.c.obj
LOAD CMakeFiles/Main.dir/Users/naichenzhao/Desktop/BML/MRIRobotProject/MRIRobot/Firmware/DMA_test/STM_sdk/Drivers/STM32F4xx_HAL_Driver/Src/stm32f4xx_hal_smbus.c.obj
LOAD CMakeFiles/Main.dir/Users/naichenzhao/Desktop/BML/MRIRobotProject/MRIRobot/Firmware/DMA_test/STM_sdk/Drivers/STM32F4xx_HAL_Driver/Src/stm32f4xx_hal_spdifrx.c.obj
LOAD CMakeFiles/Main.dir/Users/naichenzhao/Desktop/BML/MRIRobotProject/MRIRobot/Firmware/DMA_test/STM_sdk/Drivers/STM32F4xx_HAL_Driver/Src/stm32f4xx_hal_spi.c.obj
LOAD CMakeFiles/Main.dir/Users/naichenzhao/Desktop/BML/MRIRobotProject/MRIRobot/Firmware/DMA_test/STM_sdk/Drivers/STM32F4xx_HAL_Driver/Src/stm32f4xx_hal_sram.c.obj
LOAD CMakeFiles/Main.dir/Users/naichenzhao/Desktop/BML/MRIRobotProject/MRIRobot/Firmware/DMA_test/STM_sdk/Drivers/STM32F4xx_HAL_Driver/Src/stm32f4xx_hal_tim.c.obj
LOAD CMakeFiles/Main.dir/Users/naichenzhao/Desktop/BML/MRIRobotProject/MRIRobot/Firmware/DMA_test/STM_sdk/Drivers/STM32F4xx_HAL_Driver/Src/stm32f4xx_hal_tim_ex.c.obj
LOAD CMakeFiles/Main.dir/Users/naichenzhao/Desktop/BML/MRIRobotProject/MRIRobot/Firmware/DMA_test/STM_sdk/Drivers/STM32F4xx_HAL_Driver/Src/stm32f4xx_hal_uart.c.obj
LOAD CMakeFiles/Main.dir/Users/naichenzhao/Desktop/BML/MRIRobotProject/MRIRobot/Firmware/DMA_test/STM_sdk/Drivers/STM32F4xx_HAL_Driver/Src/stm32f4xx_hal_usart.c.obj
LOAD CMakeFiles/Main.dir/Users/naichenzhao/Desktop/BML/MRIRobotProject/MRIRobot/Firmware/DMA_test/STM_sdk/Drivers/STM32F4xx_HAL_Driver/Src/stm32f4xx_hal_wwdg.c.obj
LOAD CMakeFiles/Main.dir/Users/naichenzhao/Desktop/BML/MRIRobotProject/MRIRobot/Firmware/DMA_test/STM_sdk/Drivers/STM32F4xx_HAL_Driver/Src/stm32f4xx_ll_adc.c.obj
LOAD CMakeFiles/Main.dir/Users/naichenzhao/Desktop/BML/MRIRobotProject/MRIRobot/Firmware/DMA_test/STM_sdk/Drivers/STM32F4xx_HAL_Driver/Src/stm32f4xx_ll_crc.c.obj
LOAD CMakeFiles/Main.dir/Users/naichenzhao/Desktop/BML/MRIRobotProject/MRIRobot/Firmware/DMA_test/STM_sdk/Drivers/STM32F4xx_HAL_Driver/Src/stm32f4xx_ll_dac.c.obj
LOAD CMakeFiles/Main.dir/Users/naichenzhao/Desktop/BML/MRIRobotProject/MRIRobot/Firmware/DMA_test/STM_sdk/Drivers/STM32F4xx_HAL_Driver/Src/stm32f4xx_ll_dma.c.obj
LOAD CMakeFiles/Main.dir/Users/naichenzhao/Desktop/BML/MRIRobotProject/MRIRobot/Firmware/DMA_test/STM_sdk/Drivers/STM32F4xx_HAL_Driver/Src/stm32f4xx_ll_dma2d.c.obj
LOAD CMakeFiles/Main.dir/Users/naichenzhao/Desktop/BML/MRIRobotProject/MRIRobot/Firmware/DMA_test/STM_sdk/Drivers/STM32F4xx_HAL_Driver/Src/stm32f4xx_ll_exti.c.obj
LOAD CMakeFiles/Main.dir/Users/naichenzhao/Desktop/BML/MRIRobotProject/MRIRobot/Firmware/DMA_test/STM_sdk/Drivers/STM32F4xx_HAL_Driver/Src/stm32f4xx_ll_fmc.c.obj
LOAD CMakeFiles/Main.dir/Users/naichenzhao/Desktop/BML/MRIRobotProject/MRIRobot/Firmware/DMA_test/STM_sdk/Drivers/STM32F4xx_HAL_Driver/Src/stm32f4xx_ll_fmpi2c.c.obj
LOAD CMakeFiles/Main.dir/Users/naichenzhao/Desktop/BML/MRIRobotProject/MRIRobot/Firmware/DMA_test/STM_sdk/Drivers/STM32F4xx_HAL_Driver/Src/stm32f4xx_ll_fsmc.c.obj
LOAD CMakeFiles/Main.dir/Users/naichenzhao/Desktop/BML/MRIRobotProject/MRIRobot/Firmware/DMA_test/STM_sdk/Drivers/STM32F4xx_HAL_Driver/Src/stm32f4xx_ll_gpio.c.obj
LOAD CMakeFiles/Main.dir/Users/naichenzhao/Desktop/BML/MRIRobotProject/MRIRobot/Firmware/DMA_test/STM_sdk/Drivers/STM32F4xx_HAL_Driver/Src/stm32f4xx_ll_i2c.c.obj
LOAD CMakeFiles/Main.dir/Users/naichenzhao/Desktop/BML/MRIRobotProject/MRIRobot/Firmware/DMA_test/STM_sdk/Drivers/STM32F4xx_HAL_Driver/Src/stm32f4xx_ll_lptim.c.obj
LOAD CMakeFiles/Main.dir/Users/naichenzhao/Desktop/BML/MRIRobotProject/MRIRobot/Firmware/DMA_test/STM_sdk/Drivers/STM32F4xx_HAL_Driver/Src/stm32f4xx_ll_pwr.c.obj
LOAD CMakeFiles/Main.dir/Users/naichenzhao/Desktop/BML/MRIRobotProject/MRIRobot/Firmware/DMA_test/STM_sdk/Drivers/STM32F4xx_HAL_Driver/Src/stm32f4xx_ll_rcc.c.obj
LOAD CMakeFiles/Main.dir/Users/naichenzhao/Desktop/BML/MRIRobotProject/MRIRobot/Firmware/DMA_test/STM_sdk/Drivers/STM32F4xx_HAL_Driver/Src/stm32f4xx_ll_rng.c.obj
LOAD CMakeFiles/Main.dir/Users/naichenzhao/Desktop/BML/MRIRobotProject/MRIRobot/Firmware/DMA_test/STM_sdk/Drivers/STM32F4xx_HAL_Driver/Src/stm32f4xx_ll_rtc.c.obj
LOAD CMakeFiles/Main.dir/Users/naichenzhao/Desktop/BML/MRIRobotProject/MRIRobot/Firmware/DMA_test/STM_sdk/Drivers/STM32F4xx_HAL_Driver/Src/stm32f4xx_ll_sdmmc.c.obj
LOAD CMakeFiles/Main.dir/Users/naichenzhao/Desktop/BML/MRIRobotProject/MRIRobot/Firmware/DMA_test/STM_sdk/Drivers/STM32F4xx_HAL_Driver/Src/stm32f4xx_ll_spi.c.obj
LOAD CMakeFiles/Main.dir/Users/naichenzhao/Desktop/BML/MRIRobotProject/MRIRobot/Firmware/DMA_test/STM_sdk/Drivers/STM32F4xx_HAL_Driver/Src/stm32f4xx_ll_tim.c.obj
LOAD CMakeFiles/Main.dir/Users/naichenzhao/Desktop/BML/MRIRobotProject/MRIRobot/Firmware/DMA_test/STM_sdk/Drivers/STM32F4xx_HAL_Driver/Src/stm32f4xx_ll_usart.c.obj
LOAD CMakeFiles/Main.dir/Users/naichenzhao/Desktop/BML/MRIRobotProject/MRIRobot/Firmware/DMA_test/STM_sdk/Drivers/STM32F4xx_HAL_Driver/Src/stm32f4xx_ll_usb.c.obj
LOAD CMakeFiles/Main.dir/Users/naichenzhao/Desktop/BML/MRIRobotProject/MRIRobot/Firmware/DMA_test/STM_sdk/Drivers/STM32F4xx_HAL_Driver/Src/stm32f4xx_ll_utils.c.obj
LOAD CMakeFiles/Main.dir/Users/naichenzhao/Desktop/BML/MRIRobotProject/MRIRobot/Firmware/DMA_test/STM_sdk/startup_stm32f446xx.s.obj
LOAD CMakeFiles/Main.dir/lib/schedule.c.obj
LOAD CMakeFiles/Main.dir/_main_main.c.obj
LOAD CMakeFiles/Main.dir/_qdec.c.obj
LOAD CMakeFiles/Main.dir/_motordriver.c.obj
LOAD CMakeFiles/Main.dir/_usm.c.obj
LOAD CMakeFiles/Main.dir/_seacontroller0.c.obj
LOAD CMakeFiles/Main.dir/_ffbcontroller.c.obj
LOAD CMakeFiles/Main.dir/_pidcontroller.c.obj
LOAD CMakeFiles/Main.dir/_seacontroller1.c.obj
LOAD CMakeFiles/Main.dir/_seacontroller2.c.obj
LOAD CMakeFiles/Main.dir/_home.c.obj
LOAD CMakeFiles/Main.dir/_ros_interface.c.obj
LOAD CMakeFiles/Main.dir/Main.c.obj
LOAD core/libreactor-c.a
LOAD core/liblf-low-level-platform-impl.a
LOAD core/liblf-platform-impl.a
START GROUP
LOAD /Applications/ArmGNUToolchain/13.3.rel1/arm-none-eabi/bin/../lib/gcc/arm-none-eabi/13.3.1/thumb/v7e-m+fp/softfp/libgcc.a
LOAD /Applications/ArmGNUToolchain/13.3.rel1/arm-none-eabi/bin/../lib/gcc/arm-none-eabi/13.3.1/../../../../arm-none-eabi/lib/thumb/v7e-m+fp/softfp/libc_nano.a
END GROUP
START GROUP
LOAD /Applications/ArmGNUToolchain/13.3.rel1/arm-none-eabi/bin/../lib/gcc/arm-none-eabi/13.3.1/thumb/v7e-m+fp/softfp/libgcc.a
LOAD /Applications/ArmGNUToolchain/13.3.rel1/arm-none-eabi/bin/../lib/gcc/arm-none-eabi/13.3.1/../../../../arm-none-eabi/lib/thumb/v7e-m+fp/softfp/libc_nano.a
LOAD /Applications/ArmGNUToolchain/13.3.rel1/arm-none-eabi/bin/../lib/gcc/arm-none-eabi/13.3.1/../../../../arm-none-eabi/lib/thumb/v7e-m+fp/softfp/libnosys.a
END GROUP
START GROUP
LOAD /Applications/ArmGNUToolchain/13.3.rel1/arm-none-eabi/bin/../lib/gcc/arm-none-eabi/13.3.1/thumb/v7e-m+fp/softfp/libgcc.a
LOAD /Applications/ArmGNUToolchain/13.3.rel1/arm-none-eabi/bin/../lib/gcc/arm-none-eabi/13.3.1/../../../../arm-none-eabi/lib/thumb/v7e-m+fp/softfp/libc_nano.a
LOAD /Applications/ArmGNUToolchain/13.3.rel1/arm-none-eabi/bin/../lib/gcc/arm-none-eabi/13.3.1/../../../../arm-none-eabi/lib/thumb/v7e-m+fp/softfp/libnosys.a
END GROUP
LOAD /Applications/ArmGNUToolchain/13.3.rel1/arm-none-eabi/bin/../lib/gcc/arm-none-eabi/13.3.1/thumb/v7e-m+fp/softfp/crtend.o
LOAD /Applications/ArmGNUToolchain/13.3.rel1/arm-none-eabi/bin/../lib/gcc/arm-none-eabi/13.3.1/thumb/v7e-m+fp/softfp/crtn.o
                0x20020000                        _estack = (ORIGIN (RAM) + LENGTH (RAM))
                0x00000200                        _Min_Heap_Size = 0x200
                0x00000400                        _Min_Stack_Size = 0x400

.isr_vector     0x08000000      0x1c4
                0x08000000                        . = ALIGN (0x4)
 *(.isr_vector)
 .isr_vector    0x08000000      0x1c4 CMakeFiles/Main.dir/Users/naichenzhao/Desktop/BML/MRIRobotProject/MRIRobot/Firmware/DMA_test/STM_sdk/startup_stm32f446xx.s.obj
                0x08000000                g_pfnVectors
                0x080001c4                        . = ALIGN (0x4)

.text           0x080001d0     0xdc40
                0x080001d0                        . = ALIGN (0x4)
 *(.text)
 .text          0x080001d0      0x378 /Applications/ArmGNUToolchain/13.3.rel1/arm-none-eabi/bin/../lib/gcc/arm-none-eabi/13.3.1/thumb/v7e-m+fp/softfp/libgcc.a(_arm_addsubdf3.o)
                0x080001d0                __aeabi_drsub
                0x080001d8                __subdf3
                0x080001d8                __aeabi_dsub
                0x080001dc                __aeabi_dadd
                0x080001dc                __adddf3
                0x08000454                __aeabi_ui2d
                0x08000454                __floatunsidf
                0x08000474                __floatsidf
                0x08000474                __aeabi_i2d
                0x08000498                __extendsfdf2
                0x08000498                __aeabi_f2d
                0x080004dc                __aeabi_ul2d
                0x080004dc                __floatundidf
                0x080004ec                __aeabi_l2d
                0x080004ec                __floatdidf
 .text          0x08000548      0x110 /Applications/ArmGNUToolchain/13.3.rel1/arm-none-eabi/bin/../lib/gcc/arm-none-eabi/13.3.1/thumb/v7e-m+fp/softfp/libgcc.a(_arm_cmpdf2.o)
                0x08000548                __gedf2
                0x08000548                __gtdf2
                0x08000550                __ledf2
                0x08000550                __ltdf2
                0x08000558                __cmpdf2
                0x08000558                __eqdf2
                0x08000558                __nedf2
                0x080005d4                __aeabi_cdrcmple
                0x080005e4                __aeabi_cdcmple
                0x080005e4                __aeabi_cdcmpeq
                0x080005f4                __aeabi_dcmpeq
                0x08000608                __aeabi_dcmplt
                0x0800061c                __aeabi_dcmple
                0x08000630                __aeabi_dcmpge
                0x08000644                __aeabi_dcmpgt
 .text          0x08000658      0x21c /Applications/ArmGNUToolchain/13.3.rel1/arm-none-eabi/bin/../lib/gcc/arm-none-eabi/13.3.1/thumb/v7e-m+fp/softfp/libgcc.a(_arm_addsubsf3.o)
                0x08000658                __aeabi_frsub
                0x08000660                __aeabi_fsub
                0x08000660                __subsf3
                0x08000664                __aeabi_fadd
                0x08000664                __addsf3
                0x080007c4                __aeabi_ui2f
                0x080007c4                __floatunsisf
                0x080007cc                __floatsisf
                0x080007cc                __aeabi_i2f
                0x080007e8                __aeabi_ul2f
                0x080007e8                __floatundisf
                0x080007f8                __aeabi_l2f
                0x080007f8                __floatdisf
 .text          0x08000874       0xa0 /Applications/ArmGNUToolchain/13.3.rel1/arm-none-eabi/bin/../lib/gcc/arm-none-eabi/13.3.1/thumb/v7e-m+fp/softfp/libgcc.a(_aeabi_ldivmod.o)
                0x08000874                __aeabi_ldivmod
 .text          0x08000914       0x30 /Applications/ArmGNUToolchain/13.3.rel1/arm-none-eabi/bin/../lib/gcc/arm-none-eabi/13.3.1/thumb/v7e-m+fp/softfp/libgcc.a(_aeabi_uldivmod.o)
                0x08000914                __aeabi_uldivmod
 .text          0x08000944        0x4 /Applications/ArmGNUToolchain/13.3.rel1/arm-none-eabi/bin/../lib/gcc/arm-none-eabi/13.3.1/thumb/v7e-m+fp/softfp/libgcc.a(_dvmd_tls.o)
                0x08000944                __aeabi_ldiv0
                0x08000944                __aeabi_idiv0
 .text          0x08000948       0x14 /Applications/ArmGNUToolchain/13.3.rel1/arm-none-eabi/bin/../lib/gcc/arm-none-eabi/13.3.1/../../../../arm-none-eabi/lib/thumb/v7e-m+fp/softfp/libc_nano.a(libc_a-strcmp.o)
                0x08000948                strcmp
 *fill*         0x0800095c        0x4 
 .text          0x08000960       0xa0 /Applications/ArmGNUToolchain/13.3.rel1/arm-none-eabi/bin/../lib/gcc/arm-none-eabi/13.3.1/../../../../arm-none-eabi/lib/thumb/v7e-m+fp/softfp/libc_nano.a(libc_a-memchr.o)
                0x08000960                memchr
 .text          0x08000a00       0x10 /Applications/ArmGNUToolchain/13.3.rel1/arm-none-eabi/bin/../lib/gcc/arm-none-eabi/13.3.1/../../../../arm-none-eabi/lib/thumb/v7e-m+fp/softfp/libc_nano.a(libc_a-strlen.o)
                0x08000a00                strlen
 *(.text*)
 .text.deregister_tm_clones
                0x08000a10       0x1c /Applications/ArmGNUToolchain/13.3.rel1/arm-none-eabi/bin/../lib/gcc/arm-none-eabi/13.3.1/thumb/v7e-m+fp/softfp/crtbegin.o
 .text.register_tm_clones
                0x08000a2c       0x24 /Applications/ArmGNUToolchain/13.3.rel1/arm-none-eabi/bin/../lib/gcc/arm-none-eabi/13.3.1/thumb/v7e-m+fp/softfp/crtbegin.o
 .text.__do_global_dtors_aux
                0x08000a50       0x28 /Applications/ArmGNUToolchain/13.3.rel1/arm-none-eabi/bin/../lib/gcc/arm-none-eabi/13.3.1/thumb/v7e-m+fp/softfp/crtbegin.o
 .text.frame_dummy
                0x08000a78       0x24 /Applications/ArmGNUToolchain/13.3.rel1/arm-none-eabi/bin/../lib/gcc/arm-none-eabi/13.3.1/thumb/v7e-m+fp/softfp/crtbegin.o
 .text.exit     0x08000a9c       0x24 /Applications/ArmGNUToolchain/13.3.rel1/arm-none-eabi/bin/../lib/gcc/arm-none-eabi/13.3.1/../../../../arm-none-eabi/lib/thumb/v7e-m+fp/softfp/libc_nano.a(libc_a-exit.o)
                0x08000a9c                exit
 .text.std      0x08000ac0       0x6c /Applications/ArmGNUToolchain/13.3.rel1/arm-none-eabi/bin/../lib/gcc/arm-none-eabi/13.3.1/../../../../arm-none-eabi/lib/thumb/v7e-m+fp/softfp/libc_nano.a(libc_a-findfp.o)
 .text.stdio_exit_handler
                0x08000b2c       0x18 /Applications/ArmGNUToolchain/13.3.rel1/arm-none-eabi/bin/../lib/gcc/arm-none-eabi/13.3.1/../../../../arm-none-eabi/lib/thumb/v7e-m+fp/softfp/libc_nano.a(libc_a-findfp.o)
 .text.cleanup_stdio
                0x08000b44       0x40 /Applications/ArmGNUToolchain/13.3.rel1/arm-none-eabi/bin/../lib/gcc/arm-none-eabi/13.3.1/../../../../arm-none-eabi/lib/thumb/v7e-m+fp/softfp/libc_nano.a(libc_a-findfp.o)
 .text.global_stdio_init.part.0
                0x08000b84       0x3c /Applications/ArmGNUToolchain/13.3.rel1/arm-none-eabi/bin/../lib/gcc/arm-none-eabi/13.3.1/../../../../arm-none-eabi/lib/thumb/v7e-m+fp/softfp/libc_nano.a(libc_a-findfp.o)
 .text.__sfp_lock_acquire
                0x08000bc0        0xc /Applications/ArmGNUToolchain/13.3.rel1/arm-none-eabi/bin/../lib/gcc/arm-none-eabi/13.3.1/../../../../arm-none-eabi/lib/thumb/v7e-m+fp/softfp/libc_nano.a(libc_a-findfp.o)
                0x08000bc0                __sfp_lock_acquire
 .text.__sfp_lock_release
                0x08000bcc        0xc /Applications/ArmGNUToolchain/13.3.rel1/arm-none-eabi/bin/../lib/gcc/arm-none-eabi/13.3.1/../../../../arm-none-eabi/lib/thumb/v7e-m+fp/softfp/libc_nano.a(libc_a-findfp.o)
                0x08000bcc                __sfp_lock_release
 .text.__sinit  0x08000bd8       0x30 /Applications/ArmGNUToolchain/13.3.rel1/arm-none-eabi/bin/../lib/gcc/arm-none-eabi/13.3.1/../../../../arm-none-eabi/lib/thumb/v7e-m+fp/softfp/libc_nano.a(libc_a-findfp.o)
                0x08000bd8                __sinit
 .text._fwalk_sglue
                0x08000c08       0x3c /Applications/ArmGNUToolchain/13.3.rel1/arm-none-eabi/bin/../lib/gcc/arm-none-eabi/13.3.1/../../../../arm-none-eabi/lib/thumb/v7e-m+fp/softfp/libc_nano.a(libc_a-fwalk.o)
                0x08000c08                _fwalk_sglue
 .text.memset   0x08000c44       0x10 /Applications/ArmGNUToolchain/13.3.rel1/arm-none-eabi/bin/../lib/gcc/arm-none-eabi/13.3.1/../../../../arm-none-eabi/lib/thumb/v7e-m+fp/softfp/libc_nano.a(libc_a-memset.o)
                0x08000c44                memset
 .text.__libc_init_array
                0x08000c54       0x48 /Applications/ArmGNUToolchain/13.3.rel1/arm-none-eabi/bin/../lib/gcc/arm-none-eabi/13.3.1/../../../../arm-none-eabi/lib/thumb/v7e-m+fp/softfp/libc_nano.a(libc_a-init.o)
                0x08000c54                __libc_init_array
 .text.__retarget_lock_init_recursive
                0x08000c9c        0x2 /Applications/ArmGNUToolchain/13.3.rel1/arm-none-eabi/bin/../lib/gcc/arm-none-eabi/13.3.1/../../../../arm-none-eabi/lib/thumb/v7e-m+fp/softfp/libc_nano.a(libc_a-lock.o)
                0x08000c9c                __retarget_lock_init_recursive
 .text.__retarget_lock_acquire_recursive
                0x08000c9e        0x2 /Applications/ArmGNUToolchain/13.3.rel1/arm-none-eabi/bin/../lib/gcc/arm-none-eabi/13.3.1/../../../../arm-none-eabi/lib/thumb/v7e-m+fp/softfp/libc_nano.a(libc_a-lock.o)
                0x08000c9e                __retarget_lock_acquire_recursive
 .text.__retarget_lock_release_recursive
                0x08000ca0        0x2 /Applications/ArmGNUToolchain/13.3.rel1/arm-none-eabi/bin/../lib/gcc/arm-none-eabi/13.3.1/../../../../arm-none-eabi/lib/thumb/v7e-m+fp/softfp/libc_nano.a(libc_a-lock.o)
                0x08000ca0                __retarget_lock_release_recursive
 *fill*         0x08000ca2        0x2 
 .text.sbrk_aligned
                0x08000ca4       0x44 /Applications/ArmGNUToolchain/13.3.rel1/arm-none-eabi/bin/../lib/gcc/arm-none-eabi/13.3.1/../../../../arm-none-eabi/lib/thumb/v7e-m+fp/softfp/libc_nano.a(libc_a-mallocr.o)
 .text._malloc_r
                0x08000ce8      0x100 /Applications/ArmGNUToolchain/13.3.rel1/arm-none-eabi/bin/../lib/gcc/arm-none-eabi/13.3.1/../../../../arm-none-eabi/lib/thumb/v7e-m+fp/softfp/libc_nano.a(libc_a-mallocr.o)
                0x08000ce8                _malloc_r
 .text.__sflush_r
                0x08000de8      0x108 /Applications/ArmGNUToolchain/13.3.rel1/arm-none-eabi/bin/../lib/gcc/arm-none-eabi/13.3.1/../../../../arm-none-eabi/lib/thumb/v7e-m+fp/softfp/libc_nano.a(libc_a-fflush.o)
                0x08000de8                __sflush_r
 .text._fflush_r
                0x08000ef0       0x50 /Applications/ArmGNUToolchain/13.3.rel1/arm-none-eabi/bin/../lib/gcc/arm-none-eabi/13.3.1/../../../../arm-none-eabi/lib/thumb/v7e-m+fp/softfp/libc_nano.a(libc_a-fflush.o)
                0x08000ef0                _fflush_r
 .text.fflush   0x08000f40       0x28 /Applications/ArmGNUToolchain/13.3.rel1/arm-none-eabi/bin/../lib/gcc/arm-none-eabi/13.3.1/../../../../arm-none-eabi/lib/thumb/v7e-m+fp/softfp/libc_nano.a(libc_a-fflush.o)
                0x08000f40                fflush
 .text.__malloc_lock
                0x08000f68        0xc /Applications/ArmGNUToolchain/13.3.rel1/arm-none-eabi/bin/../lib/gcc/arm-none-eabi/13.3.1/../../../../arm-none-eabi/lib/thumb/v7e-m+fp/softfp/libc_nano.a(libc_a-mlock.o)
                0x08000f68                __malloc_lock
 .text.__malloc_unlock
                0x08000f74        0xc /Applications/ArmGNUToolchain/13.3.rel1/arm-none-eabi/bin/../lib/gcc/arm-none-eabi/13.3.1/../../../../arm-none-eabi/lib/thumb/v7e-m+fp/softfp/libc_nano.a(libc_a-mlock.o)
                0x08000f74                __malloc_unlock
 .text.__sread  0x08000f80       0x22 /Applications/ArmGNUToolchain/13.3.rel1/arm-none-eabi/bin/../lib/gcc/arm-none-eabi/13.3.1/../../../../arm-none-eabi/lib/thumb/v7e-m+fp/softfp/libc_nano.a(libc_a-stdio.o)
                0x08000f80                __sread
 .text.__swrite
                0x08000fa2       0x38 /Applications/ArmGNUToolchain/13.3.rel1/arm-none-eabi/bin/../lib/gcc/arm-none-eabi/13.3.1/../../../../arm-none-eabi/lib/thumb/v7e-m+fp/softfp/libc_nano.a(libc_a-stdio.o)
                0x08000fa2                __swrite
 .text.__sseek  0x08000fda       0x24 /Applications/ArmGNUToolchain/13.3.rel1/arm-none-eabi/bin/../lib/gcc/arm-none-eabi/13.3.1/../../../../arm-none-eabi/lib/thumb/v7e-m+fp/softfp/libc_nano.a(libc_a-stdio.o)
                0x08000fda                __sseek
 .text.__sclose
                0x08000ffe        0x8 /Applications/ArmGNUToolchain/13.3.rel1/arm-none-eabi/bin/../lib/gcc/arm-none-eabi/13.3.1/../../../../arm-none-eabi/lib/thumb/v7e-m+fp/softfp/libc_nano.a(libc_a-stdio.o)
                0x08000ffe                __sclose
 *fill*         0x08001006        0x2 
 .text._lseek_r
                0x08001008       0x24 /Applications/ArmGNUToolchain/13.3.rel1/arm-none-eabi/bin/../lib/gcc/arm-none-eabi/13.3.1/../../../../arm-none-eabi/lib/thumb/v7e-m+fp/softfp/libc_nano.a(libc_a-lseekr.o)
                0x08001008                _lseek_r
 .text._read_r  0x0800102c       0x24 /Applications/ArmGNUToolchain/13.3.rel1/arm-none-eabi/bin/../lib/gcc/arm-none-eabi/13.3.1/../../../../arm-none-eabi/lib/thumb/v7e-m+fp/softfp/libc_nano.a(libc_a-readr.o)
                0x0800102c                _read_r
 .text._sbrk_r  0x08001050       0x20 /Applications/ArmGNUToolchain/13.3.rel1/arm-none-eabi/bin/../lib/gcc/arm-none-eabi/13.3.1/../../../../arm-none-eabi/lib/thumb/v7e-m+fp/softfp/libc_nano.a(libc_a-sbrkr.o)
                0x08001050                _sbrk_r
 .text._write_r
                0x08001070       0x24 /Applications/ArmGNUToolchain/13.3.rel1/arm-none-eabi/bin/../lib/gcc/arm-none-eabi/13.3.1/../../../../arm-none-eabi/lib/thumb/v7e-m+fp/softfp/libc_nano.a(libc_a-writer.o)
                0x08001070                _write_r
 .text._close_r
                0x08001094       0x20 /Applications/ArmGNUToolchain/13.3.rel1/arm-none-eabi/bin/../lib/gcc/arm-none-eabi/13.3.1/../../../../arm-none-eabi/lib/thumb/v7e-m+fp/softfp/libc_nano.a(libc_a-closer.o)
                0x08001094                _close_r
 .text._free_r  0x080010b4       0x94 /Applications/ArmGNUToolchain/13.3.rel1/arm-none-eabi/bin/../lib/gcc/arm-none-eabi/13.3.1/../../../../arm-none-eabi/lib/thumb/v7e-m+fp/softfp/libc_nano.a(libc_a-freer.o)
                0x080010b4                _free_r
 .text.MX_USART2_UART_Init
                0x08001148       0x34 CMakeFiles/Main.dir/Users/naichenzhao/Desktop/BML/MRIRobotProject/MRIRobot/Firmware/DMA_test/STM_sdk/Core/Src/stm32_startup.c.obj
 .text._write   0x0800117c       0x18 CMakeFiles/Main.dir/Users/naichenzhao/Desktop/BML/MRIRobotProject/MRIRobot/Firmware/DMA_test/STM_sdk/Core/Src/stm32_startup.c.obj
                0x0800117c                _write
 .text.SystemClock_Config
                0x08001194       0x90 CMakeFiles/Main.dir/Users/naichenzhao/Desktop/BML/MRIRobotProject/MRIRobot/Firmware/DMA_test/STM_sdk/Core/Src/stm32_startup.c.obj
                0x08001194                SystemClock_Config
 .text.stm32_startup
                0x08001224       0x2c CMakeFiles/Main.dir/Users/naichenzhao/Desktop/BML/MRIRobotProject/MRIRobot/Firmware/DMA_test/STM_sdk/Core/Src/stm32_startup.c.obj
                0x08001224                stm32_startup
 .text.HAL_MspInit
                0x08001250       0x38 CMakeFiles/Main.dir/Users/naichenzhao/Desktop/BML/MRIRobotProject/MRIRobot/Firmware/DMA_test/STM_sdk/Core/Src/stm32f4xx_hal_msp.c.obj
                0x08001250                HAL_MspInit
 .text.HAL_TIM_Base_MspInit
                0x08001288       0x54 CMakeFiles/Main.dir/Users/naichenzhao/Desktop/BML/MRIRobotProject/MRIRobot/Firmware/DMA_test/STM_sdk/Core/Src/stm32f4xx_hal_msp.c.obj
                0x08001288                HAL_TIM_Base_MspInit
 .text.HAL_TIM_MspPostInit
                0x080012dc       0xbc CMakeFiles/Main.dir/Users/naichenzhao/Desktop/BML/MRIRobotProject/MRIRobot/Firmware/DMA_test/STM_sdk/Core/Src/stm32f4xx_hal_msp.c.obj
                0x080012dc                HAL_TIM_MspPostInit
 .text.HAL_UART_MspInit
                0x08001398      0x2d8 CMakeFiles/Main.dir/Users/naichenzhao/Desktop/BML/MRIRobotProject/MRIRobot/Firmware/DMA_test/STM_sdk/Core/Src/stm32f4xx_hal_msp.c.obj
                0x08001398                HAL_UART_MspInit
 .text.NMI_Handler
                0x08001670        0x2 CMakeFiles/Main.dir/Users/naichenzhao/Desktop/BML/MRIRobotProject/MRIRobot/Firmware/DMA_test/STM_sdk/Core/Src/stm32f4xx_it.c.obj
                0x08001670                NMI_Handler
 .text.HardFault_Handler
                0x08001672        0x2 CMakeFiles/Main.dir/Users/naichenzhao/Desktop/BML/MRIRobotProject/MRIRobot/Firmware/DMA_test/STM_sdk/Core/Src/stm32f4xx_it.c.obj
                0x08001672                HardFault_Handler
 .text.MemManage_Handler
                0x08001674        0x2 CMakeFiles/Main.dir/Users/naichenzhao/Desktop/BML/MRIRobotProject/MRIRobot/Firmware/DMA_test/STM_sdk/Core/Src/stm32f4xx_it.c.obj
                0x08001674                MemManage_Handler
 .text.BusFault_Handler
                0x08001676        0x2 CMakeFiles/Main.dir/Users/naichenzhao/Desktop/BML/MRIRobotProject/MRIRobot/Firmware/DMA_test/STM_sdk/Core/Src/stm32f4xx_it.c.obj
                0x08001676                BusFault_Handler
 .text.UsageFault_Handler
                0x08001678        0x2 CMakeFiles/Main.dir/Users/naichenzhao/Desktop/BML/MRIRobotProject/MRIRobot/Firmware/DMA_test/STM_sdk/Core/Src/stm32f4xx_it.c.obj
                0x08001678                UsageFault_Handler
 .text.SVC_Handler
                0x0800167a        0x2 CMakeFiles/Main.dir/Users/naichenzhao/Desktop/BML/MRIRobotProject/MRIRobot/Firmware/DMA_test/STM_sdk/Core/Src/stm32f4xx_it.c.obj
                0x0800167a                SVC_Handler
 .text.DebugMon_Handler
                0x0800167c        0x2 CMakeFiles/Main.dir/Users/naichenzhao/Desktop/BML/MRIRobotProject/MRIRobot/Firmware/DMA_test/STM_sdk/Core/Src/stm32f4xx_it.c.obj
                0x0800167c                DebugMon_Handler
 .text.PendSV_Handler
                0x0800167e        0x2 CMakeFiles/Main.dir/Users/naichenzhao/Desktop/BML/MRIRobotProject/MRIRobot/Firmware/DMA_test/STM_sdk/Core/Src/stm32f4xx_it.c.obj
                0x0800167e                PendSV_Handler
 .text.SysTick_Handler
                0x08001680        0x8 CMakeFiles/Main.dir/Users/naichenzhao/Desktop/BML/MRIRobotProject/MRIRobot/Firmware/DMA_test/STM_sdk/Core/Src/stm32f4xx_it.c.obj
                0x08001680                SysTick_Handler
 .text.USART1_IRQHandler
                0x08001688       0x10 CMakeFiles/Main.dir/Users/naichenzhao/Desktop/BML/MRIRobotProject/MRIRobot/Firmware/DMA_test/STM_sdk/Core/Src/stm32f4xx_it.c.obj
                0x08001688                USART1_IRQHandler
 .text.DMA2_Stream2_IRQHandler
                0x08001698       0x10 CMakeFiles/Main.dir/Users/naichenzhao/Desktop/BML/MRIRobotProject/MRIRobot/Firmware/DMA_test/STM_sdk/Core/Src/stm32f4xx_it.c.obj
                0x08001698                DMA2_Stream2_IRQHandler
 .text.DMA2_Stream7_IRQHandler
                0x080016a8       0x10 CMakeFiles/Main.dir/Users/naichenzhao/Desktop/BML/MRIRobotProject/MRIRobot/Firmware/DMA_test/STM_sdk/Core/Src/stm32f4xx_it.c.obj
                0x080016a8                DMA2_Stream7_IRQHandler
 .text._kill    0x080016b8       0x10 CMakeFiles/Main.dir/Users/naichenzhao/Desktop/BML/MRIRobotProject/MRIRobot/Firmware/DMA_test/STM_sdk/Core/Src/syscalls.c.obj
                0x080016b8                _kill
 .text._exit    0x080016c8        0xc CMakeFiles/Main.dir/Users/naichenzhao/Desktop/BML/MRIRobotProject/MRIRobot/Firmware/DMA_test/STM_sdk/Core/Src/syscalls.c.obj
                0x080016c8                _exit
 .text._read    0x080016d4       0x20 CMakeFiles/Main.dir/Users/naichenzhao/Desktop/BML/MRIRobotProject/MRIRobot/Firmware/DMA_test/STM_sdk/Core/Src/syscalls.c.obj
                0x080016d4                _read
 .text._close   0x080016f4        0x6 CMakeFiles/Main.dir/Users/naichenzhao/Desktop/BML/MRIRobotProject/MRIRobot/Firmware/DMA_test/STM_sdk/Core/Src/syscalls.c.obj
                0x080016f4                _close
 .text._fstat   0x080016fa        0xa CMakeFiles/Main.dir/Users/naichenzhao/Desktop/BML/MRIRobotProject/MRIRobot/Firmware/DMA_test/STM_sdk/Core/Src/syscalls.c.obj
                0x080016fa                _fstat
 .text._isatty  0x08001704        0x4 CMakeFiles/Main.dir/Users/naichenzhao/Desktop/BML/MRIRobotProject/MRIRobot/Firmware/DMA_test/STM_sdk/Core/Src/syscalls.c.obj
                0x08001704                _isatty
 .text._lseek   0x08001708        0x4 CMakeFiles/Main.dir/Users/naichenzhao/Desktop/BML/MRIRobotProject/MRIRobot/Firmware/DMA_test/STM_sdk/Core/Src/syscalls.c.obj
                0x08001708                _lseek
 .text._sbrk    0x0800170c       0x48 CMakeFiles/Main.dir/Users/naichenzhao/Desktop/BML/MRIRobotProject/MRIRobot/Firmware/DMA_test/STM_sdk/Core/Src/sysmem.c.obj
                0x0800170c                _sbrk
 .text.SystemInit
                0x08001754       0x14 CMakeFiles/Main.dir/Users/naichenzhao/Desktop/BML/MRIRobotProject/MRIRobot/Firmware/DMA_test/STM_sdk/Core/Src/system_stm32f4xx.c.obj
                0x08001754                SystemInit
 .text.HAL_InitTick
                0x08001768       0x4c CMakeFiles/Main.dir/Users/naichenzhao/Desktop/BML/MRIRobotProject/MRIRobot/Firmware/DMA_test/STM_sdk/Drivers/STM32F4xx_HAL_Driver/Src/stm32f4xx_hal.c.obj
                0x08001768                HAL_InitTick
 .text.HAL_Init
                0x080017b4       0x34 CMakeFiles/Main.dir/Users/naichenzhao/Desktop/BML/MRIRobotProject/MRIRobot/Firmware/DMA_test/STM_sdk/Drivers/STM32F4xx_HAL_Driver/Src/stm32f4xx_hal.c.obj
                0x080017b4                HAL_Init
 .text.HAL_IncTick
                0x080017e8       0x18 CMakeFiles/Main.dir/Users/naichenzhao/Desktop/BML/MRIRobotProject/MRIRobot/Firmware/DMA_test/STM_sdk/Drivers/STM32F4xx_HAL_Driver/Src/stm32f4xx_hal.c.obj
                0x080017e8                HAL_IncTick
 .text.HAL_GetTick
                0x08001800        0xc CMakeFiles/Main.dir/Users/naichenzhao/Desktop/BML/MRIRobotProject/MRIRobot/Firmware/DMA_test/STM_sdk/Drivers/STM32F4xx_HAL_Driver/Src/stm32f4xx_hal.c.obj
                0x08001800                HAL_GetTick
 .text.HAL_Delay
                0x0800180c       0x28 CMakeFiles/Main.dir/Users/naichenzhao/Desktop/BML/MRIRobotProject/MRIRobot/Firmware/DMA_test/STM_sdk/Drivers/STM32F4xx_HAL_Driver/Src/stm32f4xx_hal.c.obj
                0x0800180c                HAL_Delay
 .text.__NVIC_EnableIRQ
                0x08001834       0x1c CMakeFiles/Main.dir/Users/naichenzhao/Desktop/BML/MRIRobotProject/MRIRobot/Firmware/DMA_test/STM_sdk/Drivers/STM32F4xx_HAL_Driver/Src/stm32f4xx_hal_cortex.c.obj
 .text.__NVIC_SetPriority
                0x08001850       0x28 CMakeFiles/Main.dir/Users/naichenzhao/Desktop/BML/MRIRobotProject/MRIRobot/Firmware/DMA_test/STM_sdk/Drivers/STM32F4xx_HAL_Driver/Src/stm32f4xx_hal_cortex.c.obj
 .text.NVIC_EncodePriority
                0x08001878       0x3e CMakeFiles/Main.dir/Users/naichenzhao/Desktop/BML/MRIRobotProject/MRIRobot/Firmware/DMA_test/STM_sdk/Drivers/STM32F4xx_HAL_Driver/Src/stm32f4xx_hal_cortex.c.obj
 *fill*         0x080018b6        0x2 
 .text.HAL_NVIC_SetPriorityGrouping
                0x080018b8       0x24 CMakeFiles/Main.dir/Users/naichenzhao/Desktop/BML/MRIRobotProject/MRIRobot/Firmware/DMA_test/STM_sdk/Drivers/STM32F4xx_HAL_Driver/Src/stm32f4xx_hal_cortex.c.obj
                0x080018b8                HAL_NVIC_SetPriorityGrouping
 .text.HAL_NVIC_SetPriority
                0x080018dc       0x20 CMakeFiles/Main.dir/Users/naichenzhao/Desktop/BML/MRIRobotProject/MRIRobot/Firmware/DMA_test/STM_sdk/Drivers/STM32F4xx_HAL_Driver/Src/stm32f4xx_hal_cortex.c.obj
                0x080018dc                HAL_NVIC_SetPriority
 .text.HAL_NVIC_EnableIRQ
                0x080018fc        0x8 CMakeFiles/Main.dir/Users/naichenzhao/Desktop/BML/MRIRobotProject/MRIRobot/Firmware/DMA_test/STM_sdk/Drivers/STM32F4xx_HAL_Driver/Src/stm32f4xx_hal_cortex.c.obj
                0x080018fc                HAL_NVIC_EnableIRQ
 .text.HAL_SYSTICK_Config
                0x08001904       0x28 CMakeFiles/Main.dir/Users/naichenzhao/Desktop/BML/MRIRobotProject/MRIRobot/Firmware/DMA_test/STM_sdk/Drivers/STM32F4xx_HAL_Driver/Src/stm32f4xx_hal_cortex.c.obj
                0x08001904                HAL_SYSTICK_Config
 .text.DMA_SetConfig
                0x0800192c       0x2c CMakeFiles/Main.dir/Users/naichenzhao/Desktop/BML/MRIRobotProject/MRIRobot/Firmware/DMA_test/STM_sdk/Drivers/STM32F4xx_HAL_Driver/Src/stm32f4xx_hal_dma.c.obj
 .text.DMA_CalcBaseAndBitshift
                0x08001958       0x3c CMakeFiles/Main.dir/Users/naichenzhao/Desktop/BML/MRIRobotProject/MRIRobot/Firmware/DMA_test/STM_sdk/Drivers/STM32F4xx_HAL_Driver/Src/stm32f4xx_hal_dma.c.obj
 .text.DMA_CheckFifoParam
                0x08001994       0x8e CMakeFiles/Main.dir/Users/naichenzhao/Desktop/BML/MRIRobotProject/MRIRobot/Firmware/DMA_test/STM_sdk/Drivers/STM32F4xx_HAL_Driver/Src/stm32f4xx_hal_dma.c.obj
 *fill*         0x08001a22        0x2 
 .text.HAL_DMA_Init
                0x08001a24       0xcc CMakeFiles/Main.dir/Users/naichenzhao/Desktop/BML/MRIRobotProject/MRIRobot/Firmware/DMA_test/STM_sdk/Drivers/STM32F4xx_HAL_Driver/Src/stm32f4xx_hal_dma.c.obj
                0x08001a24                HAL_DMA_Init
 .text.HAL_DMA_Start_IT
                0x08001af0       0x6a CMakeFiles/Main.dir/Users/naichenzhao/Desktop/BML/MRIRobotProject/MRIRobot/Firmware/DMA_test/STM_sdk/Drivers/STM32F4xx_HAL_Driver/Src/stm32f4xx_hal_dma.c.obj
                0x08001af0                HAL_DMA_Start_IT
 .text.HAL_DMA_Abort
                0x08001b5a       0x94 CMakeFiles/Main.dir/Users/naichenzhao/Desktop/BML/MRIRobotProject/MRIRobot/Firmware/DMA_test/STM_sdk/Drivers/STM32F4xx_HAL_Driver/Src/stm32f4xx_hal_dma.c.obj
                0x08001b5a                HAL_DMA_Abort
 .text.HAL_DMA_Abort_IT
                0x08001bee       0x26 CMakeFiles/Main.dir/Users/naichenzhao/Desktop/BML/MRIRobotProject/MRIRobot/Firmware/DMA_test/STM_sdk/Drivers/STM32F4xx_HAL_Driver/Src/stm32f4xx_hal_dma.c.obj
                0x08001bee                HAL_DMA_Abort_IT
 .text.HAL_DMA_IRQHandler
                0x08001c14      0x1dc CMakeFiles/Main.dir/Users/naichenzhao/Desktop/BML/MRIRobotProject/MRIRobot/Firmware/DMA_test/STM_sdk/Drivers/STM32F4xx_HAL_Driver/Src/stm32f4xx_hal_dma.c.obj
                0x08001c14                HAL_DMA_IRQHandler
 .text.HAL_GPIO_Init
                0x08001df0      0x1e0 CMakeFiles/Main.dir/Users/naichenzhao/Desktop/BML/MRIRobotProject/MRIRobot/Firmware/DMA_test/STM_sdk/Drivers/STM32F4xx_HAL_Driver/Src/stm32f4xx_hal_gpio.c.obj
                0x08001df0                HAL_GPIO_Init
 .text.HAL_GPIO_ReadPin
                0x08001fd0        0xe CMakeFiles/Main.dir/Users/naichenzhao/Desktop/BML/MRIRobotProject/MRIRobot/Firmware/DMA_test/STM_sdk/Drivers/STM32F4xx_HAL_Driver/Src/stm32f4xx_hal_gpio.c.obj
                0x08001fd0                HAL_GPIO_ReadPin
 .text.HAL_GPIO_WritePin
                0x08001fde        0xc CMakeFiles/Main.dir/Users/naichenzhao/Desktop/BML/MRIRobotProject/MRIRobot/Firmware/DMA_test/STM_sdk/Drivers/STM32F4xx_HAL_Driver/Src/stm32f4xx_hal_gpio.c.obj
                0x08001fde                HAL_GPIO_WritePin
 .text.HAL_GPIO_TogglePin
                0x08001fea       0x12 CMakeFiles/Main.dir/Users/naichenzhao/Desktop/BML/MRIRobotProject/MRIRobot/Firmware/DMA_test/STM_sdk/Drivers/STM32F4xx_HAL_Driver/Src/stm32f4xx_hal_gpio.c.obj
                0x08001fea                HAL_GPIO_TogglePin
 .text.HAL_RCC_ClockConfig
                0x08001ffc      0x160 CMakeFiles/Main.dir/Users/naichenzhao/Desktop/BML/MRIRobotProject/MRIRobot/Firmware/DMA_test/STM_sdk/Drivers/STM32F4xx_HAL_Driver/Src/stm32f4xx_hal_rcc.c.obj
                0x08001ffc                HAL_RCC_ClockConfig
 .text.HAL_RCC_GetHCLKFreq
                0x0800215c        0xc CMakeFiles/Main.dir/Users/naichenzhao/Desktop/BML/MRIRobotProject/MRIRobot/Firmware/DMA_test/STM_sdk/Drivers/STM32F4xx_HAL_Driver/Src/stm32f4xx_hal_rcc.c.obj
                0x0800215c                HAL_RCC_GetHCLKFreq
 .text.HAL_RCC_GetPCLK1Freq
                0x08002168       0x20 CMakeFiles/Main.dir/Users/naichenzhao/Desktop/BML/MRIRobotProject/MRIRobot/Firmware/DMA_test/STM_sdk/Drivers/STM32F4xx_HAL_Driver/Src/stm32f4xx_hal_rcc.c.obj
                0x08002168                HAL_RCC_GetPCLK1Freq
 .text.HAL_RCC_GetPCLK2Freq
                0x08002188       0x20 CMakeFiles/Main.dir/Users/naichenzhao/Desktop/BML/MRIRobotProject/MRIRobot/Firmware/DMA_test/STM_sdk/Drivers/STM32F4xx_HAL_Driver/Src/stm32f4xx_hal_rcc.c.obj
                0x08002188                HAL_RCC_GetPCLK2Freq
 .text.HAL_RCC_GetSysClockFreq
                0x080021a8      0x128 CMakeFiles/Main.dir/Users/naichenzhao/Desktop/BML/MRIRobotProject/MRIRobot/Firmware/DMA_test/STM_sdk/Drivers/STM32F4xx_HAL_Driver/Src/stm32f4xx_hal_rcc_ex.c.obj
                0x080021a8                HAL_RCC_GetSysClockFreq
 .text.HAL_RCC_OscConfig
                0x080022d0      0x444 CMakeFiles/Main.dir/Users/naichenzhao/Desktop/BML/MRIRobotProject/MRIRobot/Firmware/DMA_test/STM_sdk/Drivers/STM32F4xx_HAL_Driver/Src/stm32f4xx_hal_rcc_ex.c.obj
                0x080022d0                HAL_RCC_OscConfig
 .text.TIM_OC1_SetConfig
                0x08002714       0x70 CMakeFiles/Main.dir/Users/naichenzhao/Desktop/BML/MRIRobotProject/MRIRobot/Firmware/DMA_test/STM_sdk/Drivers/STM32F4xx_HAL_Driver/Src/stm32f4xx_hal_tim.c.obj
 .text.TIM_OC3_SetConfig
                0x08002784       0x70 CMakeFiles/Main.dir/Users/naichenzhao/Desktop/BML/MRIRobotProject/MRIRobot/Firmware/DMA_test/STM_sdk/Drivers/STM32F4xx_HAL_Driver/Src/stm32f4xx_hal_tim.c.obj
 .text.TIM_OC4_SetConfig
                0x080027f4       0x50 CMakeFiles/Main.dir/Users/naichenzhao/Desktop/BML/MRIRobotProject/MRIRobot/Firmware/DMA_test/STM_sdk/Drivers/STM32F4xx_HAL_Driver/Src/stm32f4xx_hal_tim.c.obj
 .text.TIM_TI1_ConfigInputStage
                0x08002844       0x26 CMakeFiles/Main.dir/Users/naichenzhao/Desktop/BML/MRIRobotProject/MRIRobot/Firmware/DMA_test/STM_sdk/Drivers/STM32F4xx_HAL_Driver/Src/stm32f4xx_hal_tim.c.obj
 .text.TIM_TI2_ConfigInputStage
                0x0800286a       0x28 CMakeFiles/Main.dir/Users/naichenzhao/Desktop/BML/MRIRobotProject/MRIRobot/Firmware/DMA_test/STM_sdk/Drivers/STM32F4xx_HAL_Driver/Src/stm32f4xx_hal_tim.c.obj
 .text.TIM_ITRx_SetConfig
                0x08002892       0x10 CMakeFiles/Main.dir/Users/naichenzhao/Desktop/BML/MRIRobotProject/MRIRobot/Firmware/DMA_test/STM_sdk/Drivers/STM32F4xx_HAL_Driver/Src/stm32f4xx_hal_tim.c.obj
 .text.HAL_TIM_PWM_MspInit
                0x080028a2        0x2 CMakeFiles/Main.dir/Users/naichenzhao/Desktop/BML/MRIRobotProject/MRIRobot/Firmware/DMA_test/STM_sdk/Drivers/STM32F4xx_HAL_Driver/Src/stm32f4xx_hal_tim.c.obj
                0x080028a2                HAL_TIM_PWM_MspInit
 .text.TIM_Base_SetConfig
                0x080028a4       0xd8 CMakeFiles/Main.dir/Users/naichenzhao/Desktop/BML/MRIRobotProject/MRIRobot/Firmware/DMA_test/STM_sdk/Drivers/STM32F4xx_HAL_Driver/Src/stm32f4xx_hal_tim.c.obj
                0x080028a4                TIM_Base_SetConfig
 .text.HAL_TIM_Base_Init
                0x0800297c       0x58 CMakeFiles/Main.dir/Users/naichenzhao/Desktop/BML/MRIRobotProject/MRIRobot/Firmware/DMA_test/STM_sdk/Drivers/STM32F4xx_HAL_Driver/Src/stm32f4xx_hal_tim.c.obj
                0x0800297c                HAL_TIM_Base_Init
 .text.HAL_TIM_PWM_Init
                0x080029d4       0x58 CMakeFiles/Main.dir/Users/naichenzhao/Desktop/BML/MRIRobotProject/MRIRobot/Firmware/DMA_test/STM_sdk/Drivers/STM32F4xx_HAL_Driver/Src/stm32f4xx_hal_tim.c.obj
                0x080029d4                HAL_TIM_PWM_Init
 .text.TIM_OC2_SetConfig
                0x08002a2c       0x70 CMakeFiles/Main.dir/Users/naichenzhao/Desktop/BML/MRIRobotProject/MRIRobot/Firmware/DMA_test/STM_sdk/Drivers/STM32F4xx_HAL_Driver/Src/stm32f4xx_hal_tim.c.obj
                0x08002a2c                TIM_OC2_SetConfig
 .text.HAL_TIM_PWM_ConfigChannel
                0x08002a9c       0xdc CMakeFiles/Main.dir/Users/naichenzhao/Desktop/BML/MRIRobotProject/MRIRobot/Firmware/DMA_test/STM_sdk/Drivers/STM32F4xx_HAL_Driver/Src/stm32f4xx_hal_tim.c.obj
                0x08002a9c                HAL_TIM_PWM_ConfigChannel
 .text.TIM_ETR_SetConfig
                0x08002b78       0x1a CMakeFiles/Main.dir/Users/naichenzhao/Desktop/BML/MRIRobotProject/MRIRobot/Firmware/DMA_test/STM_sdk/Drivers/STM32F4xx_HAL_Driver/Src/stm32f4xx_hal_tim.c.obj
                0x08002b78                TIM_ETR_SetConfig
 .text.HAL_TIM_ConfigClockSource
                0x08002b92       0xfe CMakeFiles/Main.dir/Users/naichenzhao/Desktop/BML/MRIRobotProject/MRIRobot/Firmware/DMA_test/STM_sdk/Drivers/STM32F4xx_HAL_Driver/Src/stm32f4xx_hal_tim.c.obj
                0x08002b92                HAL_TIM_ConfigClockSource
 .text.TIM_CCxChannelCmd
                0x08002c90       0x1e CMakeFiles/Main.dir/Users/naichenzhao/Desktop/BML/MRIRobotProject/MRIRobot/Firmware/DMA_test/STM_sdk/Drivers/STM32F4xx_HAL_Driver/Src/stm32f4xx_hal_tim.c.obj
                0x08002c90                TIM_CCxChannelCmd
 *fill*         0x08002cae        0x2 
 .text.HAL_TIM_PWM_Start
                0x08002cb0      0x104 CMakeFiles/Main.dir/Users/naichenzhao/Desktop/BML/MRIRobotProject/MRIRobot/Firmware/DMA_test/STM_sdk/Drivers/STM32F4xx_HAL_Driver/Src/stm32f4xx_hal_tim.c.obj
                0x08002cb0                HAL_TIM_PWM_Start
 .text.HAL_TIMEx_MasterConfigSynchronization
                0x08002db4       0x8c CMakeFiles/Main.dir/Users/naichenzhao/Desktop/BML/MRIRobotProject/MRIRobot/Firmware/DMA_test/STM_sdk/Drivers/STM32F4xx_HAL_Driver/Src/stm32f4xx_hal_tim_ex.c.obj
                0x08002db4                HAL_TIMEx_MasterConfigSynchronization
 .text.UART_EndTxTransfer
                0x08002e40       0x20 CMakeFiles/Main.dir/Users/naichenzhao/Desktop/BML/MRIRobotProject/MRIRobot/Firmware/DMA_test/STM_sdk/Drivers/STM32F4xx_HAL_Driver/Src/stm32f4xx_hal_uart.c.obj
 .text.UART_EndRxTransfer
                0x08002e60       0x5c CMakeFiles/Main.dir/Users/naichenzhao/Desktop/BML/MRIRobotProject/MRIRobot/Firmware/DMA_test/STM_sdk/Drivers/STM32F4xx_HAL_Driver/Src/stm32f4xx_hal_uart.c.obj
 .text.UART_Transmit_IT
                0x08002ebc       0x60 CMakeFiles/Main.dir/Users/naichenzhao/Desktop/BML/MRIRobotProject/MRIRobot/Firmware/DMA_test/STM_sdk/Drivers/STM32F4xx_HAL_Driver/Src/stm32f4xx_hal_uart.c.obj
 .text.UART_SetConfig
                0x08002f1c      0x110 CMakeFiles/Main.dir/Users/naichenzhao/Desktop/BML/MRIRobotProject/MRIRobot/Firmware/DMA_test/STM_sdk/Drivers/STM32F4xx_HAL_Driver/Src/stm32f4xx_hal_uart.c.obj
 .text.UART_WaitOnFlagUntilTimeout
                0x0800302c       0x86 CMakeFiles/Main.dir/Users/naichenzhao/Desktop/BML/MRIRobotProject/MRIRobot/Firmware/DMA_test/STM_sdk/Drivers/STM32F4xx_HAL_Driver/Src/stm32f4xx_hal_uart.c.obj
 .text.HAL_UART_Init
                0x080030b2       0x60 CMakeFiles/Main.dir/Users/naichenzhao/Desktop/BML/MRIRobotProject/MRIRobot/Firmware/DMA_test/STM_sdk/Drivers/STM32F4xx_HAL_Driver/Src/stm32f4xx_hal_uart.c.obj
                0x080030b2                HAL_UART_Init
 .text.HAL_UART_Transmit
                0x08003112       0xcc CMakeFiles/Main.dir/Users/naichenzhao/Desktop/BML/MRIRobotProject/MRIRobot/Firmware/DMA_test/STM_sdk/Drivers/STM32F4xx_HAL_Driver/Src/stm32f4xx_hal_uart.c.obj
                0x08003112                HAL_UART_Transmit
 .text.HAL_UART_Receive
                0x080031de       0xd2 CMakeFiles/Main.dir/Users/naichenzhao/Desktop/BML/MRIRobotProject/MRIRobot/Firmware/DMA_test/STM_sdk/Drivers/STM32F4xx_HAL_Driver/Src/stm32f4xx_hal_uart.c.obj
                0x080031de                HAL_UART_Receive
 .text.HAL_UART_Transmit_DMA
                0x080032b0       0x84 CMakeFiles/Main.dir/Users/naichenzhao/Desktop/BML/MRIRobotProject/MRIRobot/Firmware/DMA_test/STM_sdk/Drivers/STM32F4xx_HAL_Driver/Src/stm32f4xx_hal_uart.c.obj
                0x080032b0                HAL_UART_Transmit_DMA
 .text.UART_DMATransmitCplt
                0x08003334       0x4c CMakeFiles/Main.dir/Users/naichenzhao/Desktop/BML/MRIRobotProject/MRIRobot/Firmware/DMA_test/STM_sdk/Drivers/STM32F4xx_HAL_Driver/Src/stm32f4xx_hal_uart.c.obj
 .text.UART_EndTransmit_IT
                0x08003380       0x1a CMakeFiles/Main.dir/Users/naichenzhao/Desktop/BML/MRIRobotProject/MRIRobot/Firmware/DMA_test/STM_sdk/Drivers/STM32F4xx_HAL_Driver/Src/stm32f4xx_hal_uart.c.obj
 .text.HAL_UART_TxHalfCpltCallback
                0x0800339a        0x2 CMakeFiles/Main.dir/Users/naichenzhao/Desktop/BML/MRIRobotProject/MRIRobot/Firmware/DMA_test/STM_sdk/Drivers/STM32F4xx_HAL_Driver/Src/stm32f4xx_hal_uart.c.obj
                0x0800339a                HAL_UART_TxHalfCpltCallback
 .text.UART_DMATxHalfCplt
                0x0800339c        0xa CMakeFiles/Main.dir/Users/naichenzhao/Desktop/BML/MRIRobotProject/MRIRobot/Firmware/DMA_test/STM_sdk/Drivers/STM32F4xx_HAL_Driver/Src/stm32f4xx_hal_uart.c.obj
 .text.HAL_UART_RxCpltCallback
                0x080033a6        0x2 CMakeFiles/Main.dir/Users/naichenzhao/Desktop/BML/MRIRobotProject/MRIRobot/Firmware/DMA_test/STM_sdk/Drivers/STM32F4xx_HAL_Driver/Src/stm32f4xx_hal_uart.c.obj
                0x080033a6                HAL_UART_RxCpltCallback
 .text.HAL_UART_ErrorCallback
                0x080033a8        0x2 CMakeFiles/Main.dir/Users/naichenzhao/Desktop/BML/MRIRobotProject/MRIRobot/Firmware/DMA_test/STM_sdk/Drivers/STM32F4xx_HAL_Driver/Src/stm32f4xx_hal_uart.c.obj
                0x080033a8                HAL_UART_ErrorCallback
 .text.UART_DMAError
                0x080033aa       0x58 CMakeFiles/Main.dir/Users/naichenzhao/Desktop/BML/MRIRobotProject/MRIRobot/Firmware/DMA_test/STM_sdk/Drivers/STM32F4xx_HAL_Driver/Src/stm32f4xx_hal_uart.c.obj
 .text.UART_DMAAbortOnError
                0x08003402       0x10 CMakeFiles/Main.dir/Users/naichenzhao/Desktop/BML/MRIRobotProject/MRIRobot/Firmware/DMA_test/STM_sdk/Drivers/STM32F4xx_HAL_Driver/Src/stm32f4xx_hal_uart.c.obj
 .text.HAL_UARTEx_RxEventCallback
                0x08003412        0x2 CMakeFiles/Main.dir/Users/naichenzhao/Desktop/BML/MRIRobotProject/MRIRobot/Firmware/DMA_test/STM_sdk/Drivers/STM32F4xx_HAL_Driver/Src/stm32f4xx_hal_uart.c.obj
                0x08003412                HAL_UARTEx_RxEventCallback
 .text.UART_Receive_IT
                0x08003414       0xe6 CMakeFiles/Main.dir/Users/naichenzhao/Desktop/BML/MRIRobotProject/MRIRobot/Firmware/DMA_test/STM_sdk/Drivers/STM32F4xx_HAL_Driver/Src/stm32f4xx_hal_uart.c.obj
 *fill*         0x080034fa        0x2 
 .text.HAL_UART_IRQHandler
                0x080034fc      0x284 CMakeFiles/Main.dir/Users/naichenzhao/Desktop/BML/MRIRobotProject/MRIRobot/Firmware/DMA_test/STM_sdk/Drivers/STM32F4xx_HAL_Driver/Src/stm32f4xx_hal_uart.c.obj
                0x080034fc                HAL_UART_IRQHandler
 .text.Reset_Handler
                0x08003780       0x50 CMakeFiles/Main.dir/Users/naichenzhao/Desktop/BML/MRIRobotProject/MRIRobot/Firmware/DMA_test/STM_sdk/startup_stm32f446xx.s.obj
                0x08003780                Reset_Handler
 .text.Default_Handler
                0x080037d0        0x2 CMakeFiles/Main.dir/Users/naichenzhao/Desktop/BML/MRIRobotProject/MRIRobot/Firmware/DMA_test/STM_sdk/startup_stm32f446xx.s.obj
                0x080037d0                DMA1_Stream3_IRQHandler
                0x080037d0                EXTI2_IRQHandler
                0x080037d0                TIM8_CC_IRQHandler
                0x080037d0                FMPI2C1_EV_IRQHandler
                0x080037d0                SPI4_IRQHandler
                0x080037d0                TIM1_CC_IRQHandler
                0x080037d0                DMA2_Stream5_IRQHandler
                0x080037d0                DMA1_Stream5_IRQHandler
                0x080037d0                PVD_IRQHandler
                0x080037d0                SDIO_IRQHandler
                0x080037d0                TAMP_STAMP_IRQHandler
                0x080037d0                CAN2_RX1_IRQHandler
                0x080037d0                EXTI3_IRQHandler
                0x080037d0                TIM8_TRG_COM_TIM14_IRQHandler
                0x080037d0                TIM1_UP_TIM10_IRQHandler
                0x080037d0                TIM8_UP_TIM13_IRQHandler
                0x080037d0                I2C3_ER_IRQHandler
                0x080037d0                EXTI0_IRQHandler
                0x080037d0                I2C2_EV_IRQHandler
                0x080037d0                DMA1_Stream2_IRQHandler
                0x080037d0                CAN1_RX0_IRQHandler
                0x080037d0                FPU_IRQHandler
                0x080037d0                OTG_HS_WKUP_IRQHandler
                0x080037d0                CAN2_SCE_IRQHandler
                0x080037d0                SPI1_IRQHandler
                0x080037d0                TIM6_DAC_IRQHandler
                0x080037d0                TIM1_BRK_TIM9_IRQHandler
                0x080037d0                DCMI_IRQHandler
                0x080037d0                CAN2_RX0_IRQHandler
                0x080037d0                DMA2_Stream3_IRQHandler
                0x080037d0                SAI2_IRQHandler
                0x080037d0                USART6_IRQHandler
                0x080037d0                USART3_IRQHandler
                0x080037d0                CAN1_RX1_IRQHandler
                0x080037d0                UART5_IRQHandler
                0x080037d0                DMA2_Stream0_IRQHandler
                0x080037d0                TIM4_IRQHandler
                0x080037d0                QUADSPI_IRQHandler
                0x080037d0                I2C1_EV_IRQHandler
                0x080037d0                DMA1_Stream6_IRQHandler
                0x080037d0                DMA1_Stream1_IRQHandler
                0x080037d0                UART4_IRQHandler
                0x080037d0                TIM3_IRQHandler
                0x080037d0                RCC_IRQHandler
                0x080037d0                TIM8_BRK_TIM12_IRQHandler
                0x080037d0                Default_Handler
                0x080037d0                CEC_IRQHandler
                0x080037d0                EXTI15_10_IRQHandler
                0x080037d0                ADC_IRQHandler
                0x080037d0                DMA1_Stream7_IRQHandler
                0x080037d0                TIM7_IRQHandler
                0x080037d0                CAN2_TX_IRQHandler
                0x080037d0                I2C3_EV_IRQHandler
                0x080037d0                EXTI9_5_IRQHandler
                0x080037d0                RTC_WKUP_IRQHandler
                0x080037d0                SPDIF_RX_IRQHandler
                0x080037d0                SPI2_IRQHandler
                0x080037d0                OTG_HS_EP1_IN_IRQHandler
                0x080037d0                DMA1_Stream0_IRQHandler
                0x080037d0                CAN1_TX_IRQHandler
                0x080037d0                FMPI2C1_ER_IRQHandler
                0x080037d0                EXTI4_IRQHandler
                0x080037d0                OTG_HS_EP1_OUT_IRQHandler
                0x080037d0                WWDG_IRQHandler
                0x080037d0                TIM2_IRQHandler
                0x080037d0                OTG_FS_WKUP_IRQHandler
                0x080037d0                TIM1_TRG_COM_TIM11_IRQHandler
                0x080037d0                OTG_HS_IRQHandler
                0x080037d0                EXTI1_IRQHandler
                0x080037d0                USART2_IRQHandler
                0x080037d0                I2C2_ER_IRQHandler
                0x080037d0                DMA2_Stream1_IRQHandler
                0x080037d0                CAN1_SCE_IRQHandler
                0x080037d0                FLASH_IRQHandler
                0x080037d0                DMA2_Stream4_IRQHandler
                0x080037d0                OTG_FS_IRQHandler
                0x080037d0                SPI3_IRQHandler
                0x080037d0                DMA1_Stream4_IRQHandler
                0x080037d0                I2C1_ER_IRQHandler
                0x080037d0                FMC_IRQHandler
                0x080037d0                DMA2_Stream6_IRQHandler
                0x080037d0                SAI1_IRQHandler
                0x080037d0                RTC_Alarm_IRQHandler
 *fill*         0x080037d2        0x2 
 .text.lf_schedule_trigger
                0x080037d4      0x270 CMakeFiles/Main.dir/lib/schedule.c.obj
                0x080037d4                lf_schedule_trigger
 .text._main_mainreaction_function_3
                0x08003a44       0x10 CMakeFiles/Main.dir/_main_main.c.obj
                0x08003a44                _main_mainreaction_function_3
 .text._main_mainreaction_function_4
                0x08003a54       0x34 CMakeFiles/Main.dir/_main_main.c.obj
                0x08003a54                _main_mainreaction_function_4
 .text.MX_GPIO_Init
                0x08003a88       0xb0 CMakeFiles/Main.dir/_main_main.c.obj
 .text.MX_UART4_Init
                0x08003b38       0x2c CMakeFiles/Main.dir/_main_main.c.obj
 .text.MX_UART5_Init
                0x08003b64       0x2c CMakeFiles/Main.dir/_main_main.c.obj
 .text.MX_UART6_Init
                0x08003b90       0x2c CMakeFiles/Main.dir/_main_main.c.obj
 .text._main_mainreaction_function_0
                0x08003bbc       0x14 CMakeFiles/Main.dir/_main_main.c.obj
                0x08003bbc                _main_mainreaction_function_0
 .text._main_mainreaction_function_5
                0x08003bd0       0x78 CMakeFiles/Main.dir/_main_main.c.obj
                0x08003bd0                _main_mainreaction_function_5
 .text._main_mainreaction_function_7
                0x08003c48       0xec CMakeFiles/Main.dir/_main_main.c.obj
                0x08003c48                _main_mainreaction_function_7
 .text._main_mainreaction_function_1
                0x08003d34       0x8c CMakeFiles/Main.dir/_main_main.c.obj
                0x08003d34                _main_mainreaction_function_1
 .text._main_mainreaction_function_2
                0x08003dc0       0x5c CMakeFiles/Main.dir/_main_main.c.obj
                0x08003dc0                _main_mainreaction_function_2
 .text._main_mainreaction_function_6
                0x08003e1c       0x2c CMakeFiles/Main.dir/_main_main.c.obj
                0x08003e1c                _main_mainreaction_function_6
 .text.new__main_main
                0x08003e48      0x298 CMakeFiles/Main.dir/_main_main.c.obj
                0x08003e48                new__main_main
 .text._qdecreaction_function_1
                0x080040e0       0x1c CMakeFiles/Main.dir/_qdec.c.obj
                0x080040e0                _qdecreaction_function_1
 .text.get_ticks
                0x080040fc       0x64 CMakeFiles/Main.dir/_qdec.c.obj
 .text.MX_UART3_Init
                0x08004160       0x2c CMakeFiles/Main.dir/_qdec.c.obj
 .text.MX_GPIO_Init
                0x0800418c       0x6c CMakeFiles/Main.dir/_qdec.c.obj
 .text._qdecreaction_function_0
                0x080041f8       0x38 CMakeFiles/Main.dir/_qdec.c.obj
                0x080041f8                _qdecreaction_function_0
 .text._qdecreaction_function_2
                0x08004230      0x198 CMakeFiles/Main.dir/_qdec.c.obj
                0x08004230                _qdecreaction_function_2
 .text._qdecreaction_function_3
                0x080043c8       0x88 CMakeFiles/Main.dir/_qdec.c.obj
                0x080043c8                _qdecreaction_function_3
 .text.new__qdec
                0x08004450      0x134 CMakeFiles/Main.dir/_qdec.c.obj
                0x08004450                new__qdec
 .text._motordriverreaction_function_0
                0x08004584       0x68 CMakeFiles/Main.dir/_motordriver.c.obj
                0x08004584                _motordriverreaction_function_0
 .text._motordriverreaction_function_1
                0x080045ec       0x2e CMakeFiles/Main.dir/_motordriver.c.obj
                0x080045ec                _motordriverreaction_function_1
 .text._motordriverreaction_function_2
                0x0800461a      0x13a CMakeFiles/Main.dir/_motordriver.c.obj
                0x0800461a                _motordriverreaction_function_2
 *fill*         0x08004754        0x4 
 .text.new__motordriver
                0x08004758      0x210 CMakeFiles/Main.dir/_motordriver.c.obj
                0x08004758                new__motordriver
 .text.min      0x08004968        0x8 CMakeFiles/Main.dir/_usm.c.obj
 .text.max      0x08004970        0x8 CMakeFiles/Main.dir/_usm.c.obj
 .text.conv_speed
                0x08004978       0xb4 CMakeFiles/Main.dir/_usm.c.obj
 .text._usmreaction_function_3
                0x08004a2c       0x5c CMakeFiles/Main.dir/_usm.c.obj
                0x08004a2c                _usmreaction_function_3
 .text._usmreaction_function_2
                0x08004a88       0xd8 CMakeFiles/Main.dir/_usm.c.obj
                0x08004a88                _usmreaction_function_2
 .text._usmreaction_function_4
                0x08004b60      0x194 CMakeFiles/Main.dir/_usm.c.obj
                0x08004b60                _usmreaction_function_4
 .text.MX_TIM3_Init
                0x08004cf4       0xa0 CMakeFiles/Main.dir/_usm.c.obj
 .text.MX_TIM4_Init
                0x08004d94       0x98 CMakeFiles/Main.dir/_usm.c.obj
 .text.USM_GPIO_Init
                0x08004e2c       0xe8 CMakeFiles/Main.dir/_usm.c.obj
 .text._usmreaction_function_0
                0x08004f14       0xf0 CMakeFiles/Main.dir/_usm.c.obj
                0x08004f14                _usmreaction_function_0
 .text._usmreaction_function_1
                0x08005004       0x84 CMakeFiles/Main.dir/_usm.c.obj
                0x08005004                _usmreaction_function_1
 .text.new__usm
                0x08005088      0x170 CMakeFiles/Main.dir/_usm.c.obj
                0x08005088                new__usm
 .text._seacontroller0reaction_function_0
                0x080051f8       0xe0 CMakeFiles/Main.dir/_seacontroller0.c.obj
                0x080051f8                _seacontroller0reaction_function_0
 .text._seacontroller0reaction_function_1
                0x080052d8       0x9a CMakeFiles/Main.dir/_seacontroller0.c.obj
                0x080052d8                _seacontroller0reaction_function_1
 *fill*         0x08005372        0x6 
 .text.new__seacontroller0
                0x08005378      0x114 CMakeFiles/Main.dir/_seacontroller0.c.obj
                0x08005378                new__seacontroller0
 .text._ffbcontrollerreaction_function_0
                0x0800548c       0xfc CMakeFiles/Main.dir/_ffbcontroller.c.obj
                0x0800548c                _ffbcontrollerreaction_function_0
 .text.new__ffbcontroller
                0x08005588       0xc0 CMakeFiles/Main.dir/_ffbcontroller.c.obj
                0x08005588                new__ffbcontroller
 .text._pidcontrollerreaction_function_0
                0x08005648       0xcc CMakeFiles/Main.dir/_pidcontroller.c.obj
                0x08005648                _pidcontrollerreaction_function_0
 *fill*         0x08005714        0x4 
 .text.new__pidcontroller
                0x08005718       0xb0 CMakeFiles/Main.dir/_pidcontroller.c.obj
                0x08005718                new__pidcontroller
 .text._seacontroller1reaction_function_0
                0x080057c8       0xe0 CMakeFiles/Main.dir/_seacontroller1.c.obj
                0x080057c8                _seacontroller1reaction_function_0
 .text._seacontroller1reaction_function_1
                0x080058a8       0x9a CMakeFiles/Main.dir/_seacontroller1.c.obj
                0x080058a8                _seacontroller1reaction_function_1
 *fill*         0x08005942        0x6 
 .text.new__seacontroller1
                0x08005948      0x114 CMakeFiles/Main.dir/_seacontroller1.c.obj
                0x08005948                new__seacontroller1
 .text._seacontroller2reaction_function_0
                0x08005a5c       0xe0 CMakeFiles/Main.dir/_seacontroller2.c.obj
                0x08005a5c                _seacontroller2reaction_function_0
 .text._seacontroller2reaction_function_1
                0x08005b3c       0x9a CMakeFiles/Main.dir/_seacontroller2.c.obj
                0x08005b3c                _seacontroller2reaction_function_1
 *fill*         0x08005bd6        0x2 
 .text.new__seacontroller2
                0x08005bd8      0x114 CMakeFiles/Main.dir/_seacontroller2.c.obj
                0x08005bd8                new__seacontroller2
 *fill*         0x08005cec        0x4 
 .text.get_speed
                0x08005cf0       0x60 CMakeFiles/Main.dir/_home.c.obj
 .text._homereaction_function_0
                0x08005d50       0x60 CMakeFiles/Main.dir/_home.c.obj
                0x08005d50                _homereaction_function_0
 .text._homereaction_function_1
                0x08005db0      0x34c CMakeFiles/Main.dir/_home.c.obj
                0x08005db0                _homereaction_function_1
 *fill*         0x080060fc        0x4 
 .text.new__home
                0x08006100       0xdc CMakeFiles/Main.dir/_home.c.obj
                0x08006100                new__home
 .text._ros_interfacereaction_function_3
                0x080061dc       0x90 CMakeFiles/Main.dir/_ros_interface.c.obj
                0x080061dc                _ros_interfacereaction_function_3
 .text._ros_interfacereaction_function_4
                0x0800626c       0x90 CMakeFiles/Main.dir/_ros_interface.c.obj
                0x0800626c                _ros_interfacereaction_function_4
 .text.MX_DMA_Init
                0x080062fc       0x44 CMakeFiles/Main.dir/_ros_interface.c.obj
 .text.MX_UART1_Init
                0x08006340       0x2c CMakeFiles/Main.dir/_ros_interface.c.obj
 .text._ros_interfacereaction_function_0
                0x0800636c       0x18 CMakeFiles/Main.dir/_ros_interface.c.obj
                0x0800636c                _ros_interfacereaction_function_0
 .text._ros_interfacereaction_function_1
                0x08006384       0x60 CMakeFiles/Main.dir/_ros_interface.c.obj
                0x08006384                _ros_interfacereaction_function_1
 .text._ros_interfacereaction_function_2
                0x080063e4      0x140 CMakeFiles/Main.dir/_ros_interface.c.obj
                0x080063e4                _ros_interfacereaction_function_2
 .text.HAL_UART_TxCpltCallback
                0x08006524        0xc CMakeFiles/Main.dir/_ros_interface.c.obj
                0x08006524                HAL_UART_TxCpltCallback
 .text.new__ros_interface
                0x08006530      0x180 CMakeFiles/Main.dir/_ros_interface.c.obj
                0x08006530                new__ros_interface
 .text.main     0x080066b0        0xc CMakeFiles/Main.dir/Main.c.obj
                0x080066b0                main
 .text.lf_set_default_command_line_options
                0x080066bc        0x2 CMakeFiles/Main.dir/Main.c.obj
                0x080066bc                lf_set_default_command_line_options
 *fill*         0x080066be        0x2 
 .text.lf_create_environments
                0x080066c0       0x40 CMakeFiles/Main.dir/Main.c.obj
                0x080066c0                lf_create_environments
 .text._lf_get_environments
                0x08006700        0xc CMakeFiles/Main.dir/Main.c.obj
                0x08006700                _lf_get_environments
 *fill*         0x0800670c        0x4 
 .text._lf_initialize_trigger_objects
                0x08006710     0x3a38 CMakeFiles/Main.dir/Main.c.obj
                0x08006710                _lf_initialize_trigger_objects
 .text.lf_terminate_execution
                0x0800a148        0x2 CMakeFiles/Main.dir/Main.c.obj
                0x0800a148                lf_terminate_execution
 .text.lf_tag_compare
                0x0800a14a       0x44 core/libreactor-c.a(tag.c.obj)
                0x0800a14a                lf_tag_compare
 *fill*         0x0800a18e        0x2 
 .text.lf_delay_tag
                0x0800a190       0x8c core/libreactor-c.a(tag.c.obj)
                0x0800a190                lf_delay_tag
 .text.lf_time_logical
                0x0800a21c        0x6 core/libreactor-c.a(tag.c.obj)
                0x0800a21c                lf_time_logical
 *fill*         0x0800a222        0x2 
 .text.lf_time_logical_elapsed
                0x0800a224       0x18 core/libreactor-c.a(tag.c.obj)
                0x0800a224                lf_time_logical_elapsed
 .text.lf_time_physical
                0x0800a23c       0x14 core/libreactor-c.a(tag.c.obj)
                0x0800a23c                lf_time_physical
 .text.lf_time_physical_elapsed
                0x0800a250       0x18 core/libreactor-c.a(tag.c.obj)
                0x0800a250                lf_time_physical_elapsed
 .text.lf_time_start
                0x0800a268        0xc core/libreactor-c.a(tag.c.obj)
                0x0800a268                lf_time_start
 .text.lf_comma_separated_time
                0x0800a274       0xec core/libreactor-c.a(tag.c.obj)
                0x0800a274                lf_comma_separated_time
 .text.lf_clock_gettime
                0x0800a360       0x54 core/libreactor-c.a(clock.c.obj)
                0x0800a360                lf_clock_gettime
 .text.lf_clock_interruptable_sleep_until_locked
                0x0800a3b4        0x8 core/libreactor-c.a(clock.c.obj)
                0x0800a3b4                lf_clock_interruptable_sleep_until_locked
 .text.mixed_radix_incr
                0x0800a3bc       0x4a core/libreactor-c.a(mixed_radix.c.obj)
                0x0800a3bc                mixed_radix_incr
 .text.mixed_radix_parent
                0x0800a406       0x2c core/libreactor-c.a(mixed_radix.c.obj)
                0x0800a406                mixed_radix_parent
 .text.mixed_radix_to_int
                0x0800a432        0xa core/libreactor-c.a(mixed_radix.c.obj)
                0x0800a432                mixed_radix_to_int
 .text.lf_allocate
                0x0800a43c       0x3c core/libreactor-c.a(reactor_common.c.obj)
                0x0800a43c                lf_allocate
 .text.lf_new_reactor
                0x0800a478       0x14 core/libreactor-c.a(reactor_common.c.obj)
                0x0800a478                lf_new_reactor
 .text.lf_free  0x0800a48c       0x26 core/libreactor-c.a(reactor_common.c.obj)
                0x0800a48c                lf_free
 .text.lf_free_reactor
                0x0800a4b2       0x10 core/libreactor-c.a(reactor_common.c.obj)
                0x0800a4b2                lf_free_reactor
 *fill*         0x0800a4c2        0x2 
 .text.lf_free_all_reactors
                0x0800a4c4       0x28 core/libreactor-c.a(reactor_common.c.obj)
                0x0800a4c4                lf_free_all_reactors
 .text.lf_set_stop_tag
                0x0800a4ec       0x3a core/libreactor-c.a(reactor_common.c.obj)
                0x0800a4ec                lf_set_stop_tag
 .text._lf_start_time_step
                0x0800a526       0x64 core/libreactor-c.a(reactor_common.c.obj)
                0x0800a526                _lf_start_time_step
 .text.lf_is_tag_after_stop_tag
                0x0800a58a       0x2e core/libreactor-c.a(reactor_common.c.obj)
                0x0800a58a                lf_is_tag_after_stop_tag
 .text.lf_get_new_event
                0x0800a5b8       0x2c core/libreactor-c.a(reactor_common.c.obj)
                0x0800a5b8                lf_get_new_event
 .text._lf_initialize_timer
                0x0800a5e4       0xb6 core/libreactor-c.a(reactor_common.c.obj)
                0x0800a5e4                _lf_initialize_timer
 .text._lf_trigger_startup_reactions
                0x0800a69a       0x4c core/libreactor-c.a(reactor_common.c.obj)
                0x0800a69a                _lf_trigger_startup_reactions
 .text._lf_trigger_shutdown_reactions
                0x0800a6e6       0x3c core/libreactor-c.a(reactor_common.c.obj)
                0x0800a6e6                _lf_trigger_shutdown_reactions
 *fill*         0x0800a722        0x6 
 .text.lf_recycle_event
                0x0800a728       0x28 core/libreactor-c.a(reactor_common.c.obj)
                0x0800a728                lf_recycle_event
 .text._lf_pop_events
                0x0800a750       0xfc core/libreactor-c.a(reactor_common.c.obj)
                0x0800a750                _lf_pop_events
 .text._lf_initialize_timers
                0x0800a84c       0x38 core/libreactor-c.a(reactor_common.c.obj)
                0x0800a84c                _lf_initialize_timers
 .text._lf_create_dummy_events
                0x0800a884       0x28 core/libreactor-c.a(reactor_common.c.obj)
                0x0800a884                _lf_create_dummy_events
 .text.lf_replace_token
                0x0800a8ac       0x14 core/libreactor-c.a(reactor_common.c.obj)
                0x0800a8ac                lf_replace_token
 .text._lf_schedule_at_tag
                0x0800a8c0      0x12c core/libreactor-c.a(reactor_common.c.obj)
                0x0800a8c0                _lf_schedule_at_tag
 .text._lf_advance_tag
                0x0800a9ec       0x6c core/libreactor-c.a(reactor_common.c.obj)
                0x0800a9ec                _lf_advance_tag
 .text._lf_invoke_reaction
                0x0800aa58       0x16 core/libreactor-c.a(reactor_common.c.obj)
                0x0800aa58                _lf_invoke_reaction
 .text.schedule_output_reactions
                0x0800aa6e      0x110 core/libreactor-c.a(reactor_common.c.obj)
                0x0800aa6e                schedule_output_reactions
 *fill*         0x0800ab7e        0x2 
 .text.usage    0x0800ab80       0xac core/libreactor-c.a(reactor_common.c.obj)
                0x0800ab80                usage
 .text.process_args
                0x0800ac2c      0x3c0 core/libreactor-c.a(reactor_common.c.obj)
                0x0800ac2c                process_args
 .text.initialize_global
                0x0800afec        0x8 core/libreactor-c.a(reactor_common.c.obj)
                0x0800afec                initialize_global
 .text.termination
                0x0800aff4      0x128 core/libreactor-c.a(reactor_common.c.obj)
                0x0800aff4                termination
 .text.lf_combine_deadline_and_level
                0x0800b11c       0x2c core/libreactor-c.a(reactor_common.c.obj)
                0x0800b11c                lf_combine_deadline_and_level
 .text._lf_free_token_value
                0x0800b148       0x1c core/libreactor-c.a(lf_token.c.obj)
 .text._lf_free_token
                0x0800b164       0x7c core/libreactor-c.a(lf_token.c.obj)
                0x0800b164                _lf_free_token
 .text._lf_new_token
                0x0800b1e0       0x70 core/libreactor-c.a(lf_token.c.obj)
                0x0800b1e0                _lf_new_token
 .text._lf_done_using
                0x0800b250       0x28 core/libreactor-c.a(lf_token.c.obj)
                0x0800b250                _lf_done_using
 .text._lf_get_token
                0x0800b278       0x2e core/libreactor-c.a(lf_token.c.obj)
                0x0800b278                _lf_get_token
 .text._lf_initialize_token_with_value
                0x0800b2a6       0x10 core/libreactor-c.a(lf_token.c.obj)
                0x0800b2a6                _lf_initialize_token_with_value
 *fill*         0x0800b2b6        0x2 
 .text._lf_free_all_tokens
                0x0800b2b8       0x88 core/libreactor-c.a(lf_token.c.obj)
                0x0800b2b8                _lf_free_all_tokens
 .text._lf_replace_template_token
                0x0800b340       0x1e core/libreactor-c.a(lf_token.c.obj)
                0x0800b340                _lf_replace_template_token
 *fill*         0x0800b35e        0x2 
 .text._lf_free_token_copies
                0x0800b360       0x20 core/libreactor-c.a(lf_token.c.obj)
                0x0800b360                _lf_free_token_copies
 .text.event_matches
                0x0800b380        0xe core/libreactor-c.a(environment.c.obj)
 .text.print_event
                0x0800b38e        0x2 core/libreactor-c.a(environment.c.obj)
 .text.environment_free_modes
                0x0800b390       0x26 core/libreactor-c.a(environment.c.obj)
 .text.environment_free_single_threaded
                0x0800b3b6        0xc core/libreactor-c.a(environment.c.obj)
 .text.environment_init_modes
                0x0800b3c2       0x48 core/libreactor-c.a(environment.c.obj)
 *fill*         0x0800b40a        0x2 
 .text.environment_init_single_threaded
                0x0800b40c       0x40 core/libreactor-c.a(environment.c.obj)
 .text.environment_free
                0x0800b44c       0x48 core/libreactor-c.a(environment.c.obj)
                0x0800b44c                environment_free
 .text.environment_init_tags
                0x0800b494       0x4c core/libreactor-c.a(environment.c.obj)
                0x0800b494                environment_init_tags
 .text.environment_init
                0x0800b4e0      0x140 core/libreactor-c.a(environment.c.obj)
                0x0800b4e0                environment_init
 .text.lf_set_present
                0x0800b620       0x58 core/libreactor-c.a(reactor.c.obj)
                0x0800b620                lf_set_present
 .text.wait_until
                0x0800b678       0x18 core/libreactor-c.a(reactor.c.obj)
                0x0800b678                wait_until
 .text._lf_trigger_reaction
                0x0800b690       0x38 core/libreactor-c.a(reactor.c.obj)
                0x0800b690                _lf_trigger_reaction
 .text._lf_do_step
                0x0800b6c8       0x9e core/libreactor-c.a(reactor.c.obj)
                0x0800b6c8                _lf_do_step
 .text.lf_critical_section_enter
                0x0800b766        0x8 core/libreactor-c.a(reactor.c.obj)
                0x0800b766                lf_critical_section_enter
 .text.lf_critical_section_exit
                0x0800b76e        0x8 core/libreactor-c.a(reactor.c.obj)
                0x0800b76e                lf_critical_section_exit
 *fill*         0x0800b776        0x2 
 .text.next     0x0800b778       0xec core/libreactor-c.a(reactor.c.obj)
                0x0800b778                next
 .text.lf_reactor_c_main
                0x0800b864       0xf0 core/libreactor-c.a(reactor.c.obj)
                0x0800b864                lf_reactor_c_main
 .text.vector_resize
                0x0800b954       0x26 core/libreactor-c.a(vector.c.obj)
 .text.vector_at
                0x0800b97a       0x3e core/libreactor-c.a(vector.c.obj)
                0x0800b97a                vector_at
 .text.vector_size
                0x0800b9b8        0xa core/libreactor-c.a(vector.c.obj)
                0x0800b9b8                vector_size
 .text.maxchild
                0x0800b9c2       0x4c core/libreactor-c.a(pqueue_base.c.obj)
 .text.bubble_up
                0x0800ba0e       0x66 core/libreactor-c.a(pqueue_base.c.obj)
 .text.percolate_down
                0x0800ba74       0x6c core/libreactor-c.a(pqueue_base.c.obj)
 .text.find_equal_same_priority
                0x0800bae0       0xa8 core/libreactor-c.a(pqueue_base.c.obj)
                0x0800bae0                find_equal_same_priority
 .text.pqueue_init
                0x0800bb88       0x52 core/libreactor-c.a(pqueue_base.c.obj)
                0x0800bb88                pqueue_init
 .text.pqueue_free
                0x0800bbda       0x12 core/libreactor-c.a(pqueue_base.c.obj)
                0x0800bbda                pqueue_free
 .text.pqueue_size
                0x0800bbec        0xc core/libreactor-c.a(pqueue_base.c.obj)
                0x0800bbec                pqueue_size
 .text.pqueue_find_equal_same_priority
                0x0800bbf8        0xa core/libreactor-c.a(pqueue_base.c.obj)
                0x0800bbf8                pqueue_find_equal_same_priority
 .text.pqueue_insert
                0x0800bc02       0x40 core/libreactor-c.a(pqueue_base.c.obj)
                0x0800bc02                pqueue_insert
 .text.pqueue_remove
                0x0800bc42       0x68 core/libreactor-c.a(pqueue_base.c.obj)
                0x0800bc42                pqueue_remove
 .text.pqueue_pop
                0x0800bcaa       0x2a core/libreactor-c.a(pqueue_base.c.obj)
                0x0800bcaa                pqueue_pop
 .text.pqueue_peek
                0x0800bcd4       0x14 core/libreactor-c.a(pqueue_base.c.obj)
                0x0800bcd4                pqueue_peek
 .text.pqueue_tag_get_priority
                0x0800bce8        0x4 core/libreactor-c.a(pqueue_tag.c.obj)
 .text.pqueue_tag_get_position
                0x0800bcec        0x4 core/libreactor-c.a(pqueue_tag.c.obj)
 .text.pqueue_tag_set_position
                0x0800bcf0        0x4 core/libreactor-c.a(pqueue_tag.c.obj)
 .text.pqueue_tag_compare
                0x0800bcf4       0x1a core/libreactor-c.a(pqueue_tag.c.obj)
                0x0800bcf4                pqueue_tag_compare
 *fill*         0x0800bd0e        0x2 
 .text.pqueue_tag_init_customize
                0x0800bd10       0x28 core/libreactor-c.a(pqueue_tag.c.obj)
                0x0800bd10                pqueue_tag_init_customize
 .text.pqueue_tag_free
                0x0800bd38       0x2e core/libreactor-c.a(pqueue_tag.c.obj)
                0x0800bd38                pqueue_tag_free
 .text.pqueue_tag_size
                0x0800bd66        0x8 core/libreactor-c.a(pqueue_tag.c.obj)
                0x0800bd66                pqueue_tag_size
 .text.pqueue_tag_insert
                0x0800bd6e        0x8 core/libreactor-c.a(pqueue_tag.c.obj)
                0x0800bd6e                pqueue_tag_insert
 .text.pqueue_tag_find_equal_same_tag
                0x0800bd76        0x8 core/libreactor-c.a(pqueue_tag.c.obj)
                0x0800bd76                pqueue_tag_find_equal_same_tag
 .text.pqueue_tag_peek
                0x0800bd7e        0x8 core/libreactor-c.a(pqueue_tag.c.obj)
                0x0800bd7e                pqueue_tag_peek
 .text.pqueue_tag_pop
                0x0800bd86        0x8 core/libreactor-c.a(pqueue_tag.c.obj)
                0x0800bd86                pqueue_tag_pop
 .text.pqueue_tag_remove
                0x0800bd8e        0x8 core/libreactor-c.a(pqueue_tag.c.obj)
                0x0800bd8e                pqueue_tag_remove
 .text.in_reverse_order
                0x0800bd96       0x1c core/libreactor-c.a(pqueue.c.obj)
                0x0800bd96                in_reverse_order
 .text.in_no_particular_order
                0x0800bdb2        0x4 core/libreactor-c.a(pqueue.c.obj)
                0x0800bdb2                in_no_particular_order
 .text.reaction_matches
                0x0800bdb6        0xa core/libreactor-c.a(pqueue.c.obj)
                0x0800bdb6                reaction_matches
 .text.get_reaction_index
                0x0800bdc0        0x6 core/libreactor-c.a(pqueue.c.obj)
                0x0800bdc0                get_reaction_index
 .text.get_reaction_position
                0x0800bdc6        0x4 core/libreactor-c.a(pqueue.c.obj)
                0x0800bdc6                get_reaction_position
 .text.set_reaction_position
                0x0800bdca        0x4 core/libreactor-c.a(pqueue.c.obj)
                0x0800bdca                set_reaction_position
 .text.print_reaction
                0x0800bdce        0x2 core/libreactor-c.a(pqueue.c.obj)
                0x0800bdce                print_reaction
 .text._lf_message_print
                0x0800bdd0       0xf0 core/libreactor-c.a(util.c.obj)
                0x0800bdd0                _lf_message_print
 .text.lf_vprint_fatal_error
                0x0800bec0       0x14 core/libreactor-c.a(util.c.obj)
 .text.lf_vprint_error
                0x0800bed4       0x14 core/libreactor-c.a(util.c.obj)
                0x0800bed4                lf_vprint_error
 .text.lf_print_error
                0x0800bee8       0x1c core/libreactor-c.a(util.c.obj)
                0x0800bee8                lf_print_error
 .text.lf_vprint_warning
                0x0800bf04       0x14 core/libreactor-c.a(util.c.obj)
                0x0800bf04                lf_vprint_warning
 .text.lf_print_warning
                0x0800bf18       0x1c core/libreactor-c.a(util.c.obj)
                0x0800bf18                lf_print_warning
 .text.lf_print_error_and_exit
                0x0800bf34       0x28 core/libreactor-c.a(util.c.obj)
                0x0800bf34                lf_print_error_and_exit
 .text.hashset_add_member
                0x0800bf5c       0x6a core/libreactor-c.a(hashset.c.obj)
 *fill*         0x0800bfc6        0x2 
 .text.maybe_rehash
                0x0800bfc8       0x70 core/libreactor-c.a(hashset.c.obj)
 .text.hashset_num_items
                0x0800c038        0x4 core/libreactor-c.a(hashset.c.obj)
                0x0800c038                hashset_num_items
 .text.hashset_destroy
                0x0800c03c       0x16 core/libreactor-c.a(hashset.c.obj)
                0x0800c03c                hashset_destroy
 .text.hashset_create
                0x0800c052       0x3e core/libreactor-c.a(hashset.c.obj)
                0x0800c052                hashset_create
 .text.hashset_add
                0x0800c090       0x14 core/libreactor-c.a(hashset.c.obj)
                0x0800c090                hashset_add
 .text.hashset_remove
                0x0800c0a4       0x44 core/libreactor-c.a(hashset.c.obj)
                0x0800c0a4                hashset_remove
 .text.hashset_iterator
                0x0800c0e8       0x1c core/libreactor-c.a(hashset_itr.c.obj)
                0x0800c0e8                hashset_iterator
 .text.hashset_iterator_next
                0x0800c104       0x42 core/libreactor-c.a(hashset_itr.c.obj)
                0x0800c104                hashset_iterator_next
 .text.hashset_iterator_value
                0x0800c146        0xc core/libreactor-c.a(hashset_itr.c.obj)
                0x0800c146                hashset_iterator_value
 *fill*         0x0800c152        0x2 
 .text._lf_add_suspended_event
                0x0800c154       0x3c core/libreactor-c.a(modes.c.obj)
                0x0800c154                _lf_add_suspended_event
 .text._lf_remove_suspended_event
                0x0800c190       0x4c core/libreactor-c.a(modes.c.obj)
                0x0800c190                _lf_remove_suspended_event
 .text._lf_mode_is_active
                0x0800c1dc        0xe core/libreactor-c.a(modes.c.obj)
                0x0800c1dc                _lf_mode_is_active
 .text._lf_initialize_mode_states
                0x0800c1ea       0x42 core/libreactor-c.a(modes.c.obj)
                0x0800c1ea                _lf_initialize_mode_states
 .text._lf_handle_mode_startup_reset_reactions
                0x0800c22c      0x110 core/libreactor-c.a(modes.c.obj)
                0x0800c22c                _lf_handle_mode_startup_reset_reactions
 .text._lf_handle_mode_shutdown_reactions
                0x0800c33c       0x42 core/libreactor-c.a(modes.c.obj)
                0x0800c33c                _lf_handle_mode_shutdown_reactions
 *fill*         0x0800c37e        0x2 
 .text._lf_process_mode_changes
                0x0800c380      0x2bc core/libreactor-c.a(modes.c.obj)
                0x0800c380                _lf_process_mode_changes
 .text._lf_terminate_modal_reactors
                0x0800c63c       0x50 core/libreactor-c.a(modes.c.obj)
                0x0800c63c                _lf_terminate_modal_reactors
 .text._lf_initialize_modes
                0x0800c68c       0x12 core/libreactor-c.a(modes.c.obj)
                0x0800c68c                _lf_initialize_modes
 .text._lf_handle_mode_changes
                0x0800c69e       0x24 core/libreactor-c.a(modes.c.obj)